Archive member included to satisfy reference by file (symbol)

C:/ST/STM32CubeIDE_1.16.0/STM32CubeIDE/plugins/com.st.stm32cube.ide.mcu.externaltools.gnu-tools-for-stm32.12.3.rel1.win32_1.0.200.202406191623/tools/bin/../lib/gcc/arm-none-eabi/12.3.1/../../../../arm-none-eabi/lib/thumb/v7e-m+fp/hard\libc_nano.a(libc_a-exit.o)
                              C:/ST/STM32CubeIDE_1.16.0/STM32CubeIDE/plugins/com.st.stm32cube.ide.mcu.externaltools.gnu-tools-for-stm32.12.3.rel1.win32_1.0.200.202406191623/tools/bin/../lib/gcc/arm-none-eabi/12.3.1/../../../../arm-none-eabi/lib/thumb/v7e-m+fp/hard/crt0.o (exit)
C:/ST/STM32CubeIDE_1.16.0/STM32CubeIDE/plugins/com.st.stm32cube.ide.mcu.externaltools.gnu-tools-for-stm32.12.3.rel1.win32_1.0.200.202406191623/tools/bin/../lib/gcc/arm-none-eabi/12.3.1/../../../../arm-none-eabi/lib/thumb/v7e-m+fp/hard\libc_nano.a(libc_a-findfp.o)
                              C:/ST/STM32CubeIDE_1.16.0/STM32CubeIDE/plugins/com.st.stm32cube.ide.mcu.externaltools.gnu-tools-for-stm32.12.3.rel1.win32_1.0.200.202406191623/tools/bin/../lib/gcc/arm-none-eabi/12.3.1/../../../../arm-none-eabi/lib/thumb/v7e-m+fp/hard\libc_nano.a(libc_a-exit.o) (__stdio_exit_handler)
C:/ST/STM32CubeIDE_1.16.0/STM32CubeIDE/plugins/com.st.stm32cube.ide.mcu.externaltools.gnu-tools-for-stm32.12.3.rel1.win32_1.0.200.202406191623/tools/bin/../lib/gcc/arm-none-eabi/12.3.1/../../../../arm-none-eabi/lib/thumb/v7e-m+fp/hard\libc_nano.a(libc_a-fwalk.o)
                              C:/ST/STM32CubeIDE_1.16.0/STM32CubeIDE/plugins/com.st.stm32cube.ide.mcu.externaltools.gnu-tools-for-stm32.12.3.rel1.win32_1.0.200.202406191623/tools/bin/../lib/gcc/arm-none-eabi/12.3.1/../../../../arm-none-eabi/lib/thumb/v7e-m+fp/hard\libc_nano.a(libc_a-findfp.o) (_fwalk_sglue)
C:/ST/STM32CubeIDE_1.16.0/STM32CubeIDE/plugins/com.st.stm32cube.ide.mcu.externaltools.gnu-tools-for-stm32.12.3.rel1.win32_1.0.200.202406191623/tools/bin/../lib/gcc/arm-none-eabi/12.3.1/../../../../arm-none-eabi/lib/thumb/v7e-m+fp/hard\libc_nano.a(libc_a-stdio.o)
                              C:/ST/STM32CubeIDE_1.16.0/STM32CubeIDE/plugins/com.st.stm32cube.ide.mcu.externaltools.gnu-tools-for-stm32.12.3.rel1.win32_1.0.200.202406191623/tools/bin/../lib/gcc/arm-none-eabi/12.3.1/../../../../arm-none-eabi/lib/thumb/v7e-m+fp/hard\libc_nano.a(libc_a-findfp.o) (__sread)
C:/ST/STM32CubeIDE_1.16.0/STM32CubeIDE/plugins/com.st.stm32cube.ide.mcu.externaltools.gnu-tools-for-stm32.12.3.rel1.win32_1.0.200.202406191623/tools/bin/../lib/gcc/arm-none-eabi/12.3.1/../../../../arm-none-eabi/lib/thumb/v7e-m+fp/hard\libc_nano.a(libc_a-memset.o)
                              C:/ST/STM32CubeIDE_1.16.0/STM32CubeIDE/plugins/com.st.stm32cube.ide.mcu.externaltools.gnu-tools-for-stm32.12.3.rel1.win32_1.0.200.202406191623/tools/bin/../lib/gcc/arm-none-eabi/12.3.1/../../../../arm-none-eabi/lib/thumb/v7e-m+fp/hard/crt0.o (memset)
C:/ST/STM32CubeIDE_1.16.0/STM32CubeIDE/plugins/com.st.stm32cube.ide.mcu.externaltools.gnu-tools-for-stm32.12.3.rel1.win32_1.0.200.202406191623/tools/bin/../lib/gcc/arm-none-eabi/12.3.1/../../../../arm-none-eabi/lib/thumb/v7e-m+fp/hard\libc_nano.a(libc_a-closer.o)
                              C:/ST/STM32CubeIDE_1.16.0/STM32CubeIDE/plugins/com.st.stm32cube.ide.mcu.externaltools.gnu-tools-for-stm32.12.3.rel1.win32_1.0.200.202406191623/tools/bin/../lib/gcc/arm-none-eabi/12.3.1/../../../../arm-none-eabi/lib/thumb/v7e-m+fp/hard\libc_nano.a(libc_a-stdio.o) (_close_r)
C:/ST/STM32CubeIDE_1.16.0/STM32CubeIDE/plugins/com.st.stm32cube.ide.mcu.externaltools.gnu-tools-for-stm32.12.3.rel1.win32_1.0.200.202406191623/tools/bin/../lib/gcc/arm-none-eabi/12.3.1/../../../../arm-none-eabi/lib/thumb/v7e-m+fp/hard\libc_nano.a(libc_a-reent.o)
                              C:/ST/STM32CubeIDE_1.16.0/STM32CubeIDE/plugins/com.st.stm32cube.ide.mcu.externaltools.gnu-tools-for-stm32.12.3.rel1.win32_1.0.200.202406191623/tools/bin/../lib/gcc/arm-none-eabi/12.3.1/../../../../arm-none-eabi/lib/thumb/v7e-m+fp/hard\libc_nano.a(libc_a-closer.o) (errno)
C:/ST/STM32CubeIDE_1.16.0/STM32CubeIDE/plugins/com.st.stm32cube.ide.mcu.externaltools.gnu-tools-for-stm32.12.3.rel1.win32_1.0.200.202406191623/tools/bin/../lib/gcc/arm-none-eabi/12.3.1/../../../../arm-none-eabi/lib/thumb/v7e-m+fp/hard\libc_nano.a(libc_a-impure.o)
                              C:/ST/STM32CubeIDE_1.16.0/STM32CubeIDE/plugins/com.st.stm32cube.ide.mcu.externaltools.gnu-tools-for-stm32.12.3.rel1.win32_1.0.200.202406191623/tools/bin/../lib/gcc/arm-none-eabi/12.3.1/../../../../arm-none-eabi/lib/thumb/v7e-m+fp/hard\libc_nano.a(libc_a-reent.o) (_impure_ptr)
C:/ST/STM32CubeIDE_1.16.0/STM32CubeIDE/plugins/com.st.stm32cube.ide.mcu.externaltools.gnu-tools-for-stm32.12.3.rel1.win32_1.0.200.202406191623/tools/bin/../lib/gcc/arm-none-eabi/12.3.1/../../../../arm-none-eabi/lib/thumb/v7e-m+fp/hard\libc_nano.a(libc_a-lseekr.o)
[...]
Memory Configuration

Name             Origin             Length             Attributes
RAM              0x20000000         0x00018000         xrw
RAM2             0x10000000         0x00008000         xrw
FLASH            0x08000000         0x00100000         xr
*default*        0x00000000         0xffffffff

Linker script and memory map

LOAD C:/ST/STM32CubeIDE_1.16.0/STM32CubeIDE/plugins/com.st.stm32cube.ide.mcu.externaltools.gnu-tools-for-stm32.12.3.rel1.win32_1.0.200.202406191623/tools/bin/../lib/gcc/arm-none-eabi/12.3.1/thumb/v7e-m+fp/hard/crti.o
LOAD C:/ST/STM32CubeIDE_1.16.0/STM32CubeIDE/plugins/com.st.stm32cube.ide.mcu.externaltools.gnu-tools-for-stm32.12.3.rel1.win32_1.0.200.202406191623/tools/bin/../lib/gcc/arm-none-eabi/12.3.1/thumb/v7e-m+fp/hard/crtbegin.o
LOAD C:/ST/STM32CubeIDE_1.16.0/STM32CubeIDE/plugins/com.st.stm32cube.ide.mcu.externaltools.gnu-tools-for-stm32.12.3.rel1.win32_1.0.200.202406191623/tools/bin/../lib/gcc/arm-none-eabi/12.3.1/../../../../arm-none-eabi/lib/thumb/v7e-m+fp/hard/crt0.o
LOAD ./Core/Src/LED.o
LOAD ./Core/Src/button.o
LOAD ./Core/Src/main.o
LOAD ./Core/Src/scheduler.o
LOAD ./Core/Src/stm32l4xx_hal_msp.o
LOAD ./Core/Src/stm32l4xx_it.o
LOAD ./Core/Src/syscalls.o
LOAD ./Core/Src/sysmem.o
LOAD ./Core/Src/system_stm32l4xx.o
LOAD ./Core/Src/task.o
LOAD ./Core/Src/utils.o
LOAD ./Core/Startup/LED.o
LOAD ./Core/Startup/startup_stm32l476rgtx.o
LOAD ./Drivers/STM32L4xx_HAL_Driver/Src/stm32l4xx_hal.o
LOAD ./Drivers/STM32L4xx_HAL_Driver/Src/stm32l4xx_hal_cortex.o
LOAD ./Drivers/STM32L4xx_HAL_Driver/Src/stm32l4xx_hal_dma.o
LOAD ./Drivers/STM32L4xx_HAL_Driver/Src/stm32l4xx_hal_dma_ex.o
LOAD ./Drivers/STM32L4xx_HAL_Driver/Src/stm32l4xx_hal_exti.o
LOAD ./Drivers/STM32L4xx_HAL_Driver/Src/stm32l4xx_hal_flash.o
LOAD ./Drivers/STM32L4xx_HAL_Driver/Src/stm32l4xx_hal_flash_ex.o
LOAD ./Drivers/STM32L4xx_HAL_Driver/Src/stm32l4xx_hal_flash_ramfunc.o
LOAD ./Drivers/STM32L4xx_HAL_Driver/Src/stm32l4xx_hal_gpio.o
LOAD ./Drivers/STM32L4xx_HAL_Driver/Src/stm32l4xx_hal_i2c.o
LOAD ./Drivers/STM32L4xx_HAL_Driver/Src/stm32l4xx_hal_i2c_ex.o
LOAD ./Drivers/STM32L4xx_HAL_Driver/Src/stm32l4xx_hal_pwr.o
LOAD ./Drivers/STM32L4xx_HAL_Driver/Src/stm32l4xx_hal_pwr_ex.o
LOAD ./Drivers/STM32L4xx_HAL_Driver/Src/stm32l4xx_hal_rcc.o
LOAD ./Drivers/STM32L4xx_HAL_Driver/Src/stm32l4xx_hal_rcc_ex.o
LOAD ./Drivers/STM32L4xx_HAL_Driver/Src/stm32l4xx_hal_tim.o
LOAD ./Drivers/STM32L4xx_HAL_Driver/Src/stm32l4xx_hal_tim_ex.o
START GROUP
LOAD C:/ST/STM32CubeIDE_1.16.0/STM32CubeIDE/plugins/com.st.stm32cube.ide.mcu.externaltools.gnu-tools-for-stm32.12.3.rel1.win32_1.0.200.202406191623/tools/bin/../lib/gcc/arm-none-eabi/12.3.1/../../../../arm-none-eabi/lib/thumb/v7e-m+fp/hard\libc_nano.a
LOAD C:/ST/STM32CubeIDE_1.16.0/STM32CubeIDE/plugins/com.st.stm32cube.ide.mcu.externaltools.gnu-tools-for-stm32.12.3.rel1.win32_1.0.200.202406191623/tools/bin/../lib/gcc/arm-none-eabi/12.3.1/../../../../arm-none-eabi/lib/thumb/v7e-m+fp/hard\libm.a
END GROUP
START GROUP
LOAD C:/ST/STM32CubeIDE_1.16.0/STM32CubeIDE/plugins/com.st.stm32cube.ide.mcu.externaltools.gnu-tools-for-stm32.12.3.rel1.win32_1.0.200.202406191623/tools/bin/../lib/gcc/arm-none-eabi/12.3.1/thumb/v7e-m+fp/hard\libgcc.a
LOAD C:/ST/STM32CubeIDE_1.16.0/STM32CubeIDE/plugins/com.st.stm32cube.ide.mcu.externaltools.gnu-tools-for-stm32.12.3.rel1.win32_1.0.200.202406191623/tools/bin/../lib/gcc/arm-none-eabi/12.3.1/../../../../arm-none-eabi/lib/thumb/v7e-m+fp/hard\libc_nano.a
END GROUP
START GROUP
LOAD C:/ST/STM32CubeIDE_1.16.0/STM32CubeIDE/plugins/com.st.stm32cube.ide.mcu.externaltools.gnu-tools-for-stm32.12.3.rel1.win32_1.0.200.202406191623/tools/bin/../lib/gcc/arm-none-eabi/12.3.1/thumb/v7e-m+fp/hard\libgcc.a
LOAD C:/ST/STM32CubeIDE_1.16.0/STM32CubeIDE/plugins/com.st.stm32cube.ide.mcu.externaltools.gnu-tools-for-stm32.12.3.rel1.win32_1.0.200.202406191623/tools/bin/../lib/gcc/arm-none-eabi/12.3.1/../../../../arm-none-eabi/lib/thumb/v7e-m+fp/hard\libc_nano.a
LOAD C:/ST/STM32CubeIDE_1.16.0/STM32CubeIDE/plugins/com.st.stm32cube.ide.mcu.externaltools.gnu-tools-for-stm32.12.3.rel1.win32_1.0.200.202406191623/tools/bin/../lib/gcc/arm-none-eabi/12.3.1/../../../../arm-none-eabi/lib/thumb/v7e-m+fp/hard\libnosys.a
END GROUP
START GROUP
LOAD C:/ST/STM32CubeIDE_1.16.0/STM32CubeIDE/plugins/com.st.stm32cube.ide.mcu.externaltools.gnu-tools-for-stm32.12.3.rel1.win32_1.0.200.202406191623/tools/bin/../lib/gcc/arm-none-eabi/12.3.1/thumb/v7e-m+fp/hard\libgcc.a
LOAD C:/ST/STM32CubeIDE_1.16.0/STM32CubeIDE/plugins/com.st.stm32cube.ide.mcu.externaltools.gnu-tools-for-stm32.12.3.rel1.win32_1.0.200.202406191623/tools/bin/../lib/gcc/arm-none-eabi/12.3.1/../../../../arm-none-eabi/lib/thumb/v7e-m+fp/hard\libc_nano.a
LOAD C:/ST/STM32CubeIDE_1.16.0/STM32CubeIDE/plugins/com.st.stm32cube.ide.mcu.externaltools.gnu-tools-for-stm32.12.3.rel1.win32_1.0.200.202406191623/tools/bin/../lib/gcc/arm-none-eabi/12.3.1/../../../../arm-none-eabi/lib/thumb/v7e-m+fp/hard\libnosys.a
END GROUP
LOAD C:/ST/STM32CubeIDE_1.16.0/STM32CubeIDE/plugins/com.st.stm32cube.ide.mcu.externaltools.gnu-tools-for-stm32.12.3.rel1.win32_1.0.200.202406191623/tools/bin/../lib/gcc/arm-none-eabi/12.3.1/thumb/v7e-m+fp/hard/crtend.o
LOAD C:/ST/STM32CubeIDE_1.16.0/STM32CubeIDE/plugins/com.st.stm32cube.ide.mcu.externaltools.gnu-tools-for-stm32.12.3.rel1.win32_1.0.200.202406191623/tools/bin/../lib/gcc/arm-none-eabi/12.3.1/thumb/v7e-m+fp/hard/crtn.o
                0x20018000                        _estack = (ORIGIN (RAM) + LENGTH (RAM))
                0x00000200                        _Min_Heap_Size = 0x200
                0x00000400                        _Min_Stack_Size = 0x400

.isr_vector     0x08000000      0x188
                0x08000000                        . = ALIGN (0x4)
 *(.isr_vector)
 .isr_vector    0x08000000      0x188 ./Core/Startup/startup_stm32l476rgtx.o
                0x08000000                g_pfnVectors
                0x08000188                        . = ALIGN (0x4)

.text           0x08000188     0x1cc8
                0x08000188                        . = ALIGN (0x4)
 *(.text)
 .text          0x08000188       0x40 C:/ST/STM32CubeIDE_1.16.0/STM32CubeIDE/plugins/com.st.stm32cube.ide.mcu.externaltools.gnu-tools-for-stm32.12.3.rel1.win32_1.0.200.202406191623/tools/bin/../lib/gcc/arm-none-eabi/12.3.1/thumb/v7e-m+fp/hard/crtbegin.o
 .text          0x080001c8       0xd8 ./Core/Startup/LED.o
                0x080001c8                LED_Enable
                0x080001f6                LED_Configure
                0x08000258                LED_DriveGreen
 *(.text*)
 .text.LED_Set_Value_With_Int
                0x080002a0       0x24 ./Core/Src/LED.o
                0x080002a0                LED_Set_Value_With_Int
 .text.LED_Set_Value_With_Array
                0x080002c4       0x24 ./Core/Src/LED.o
                0x080002c4                LED_Set_Value_With_Array
 .text.LED_Get_Value
                0x080002e8       0x20 ./Core/Src/LED.o
                0x080002e8                LED_Get_Value
 .text.LED_Update
                0x08000308       0x28 ./Core/Src/LED.o
                0x08000308                LED_Update
 .text.BUTTON_Enable
                0x08000330       0x24 ./Core/Src/button.o
                0x08000330                BUTTON_Enable
 .text.BUTTON_Config
                0x08000354       0x1c ./Core/Src/button.o
                0x08000354                BUTTON_Config
 .text.BUTTON_GetBlueLevel
                0x08000370       0x14 ./Core/Src/button.o
                0x08000370                BUTTON_GetBlueLevel
 .text.BUTTON_GetBluePressed
                0x08000384       0x44 ./Core/Src/button.o
                0x08000384                BUTTON_GetBluePressed
 .text.BUTTON_GetPressed
                0x080003c8       0x14 ./Core/Src/button.o
                0x080003c8                BUTTON_GetPressed
 .text.BUTTON_IT_GET
                0x080003dc       0x14 ./Core/Src/button.o
                0x080003dc                BUTTON_IT_GET
 .text.MX_GPIO_Init
                0x080003f0      0x114 ./Core/Src/main.o
 .text.MX_NVIC_Init
                0x08000504       0x34 ./Core/Src/main.o
 .text.Error_Handler
                0x08000538        0x4 ./Core/Src/main.o
                0x08000538                Error_Handler
 .text.MX_TIM4_Init
                0x0800053c       0x6c ./Core/Src/main.o
 .text.SystemClock_Config
                0x080005a8       0x7a ./Core/Src/main.o
                0x080005a8                SystemClock_Config
 .text.main     0x08000622       0x2c ./Core/Src/main.o
                0x08000622                main
 *fill*         0x0800064e        0x2 
 .text.SCHEDULER_Step
                0x08000650       0x40 ./Core/Src/scheduler.o
                0x08000650                SCHEDULER_Step
 .text.HAL_MspInit
                0x08000690       0x30 ./Core/Src/stm32l4xx_hal_msp.o
                0x08000690                HAL_MspInit
 .text.HAL_TIM_Base_MspInit
                0x080006c0       0x2c ./Core/Src/stm32l4xx_hal_msp.o
                0x080006c0                HAL_TIM_Base_MspInit
 .text.NMI_Handler
                0x080006ec        0x2 ./Core/Src/stm32l4xx_it.o
                0x080006ec                NMI_Handler
 .text.HardFault_Handler
                0x080006ee        0x2 ./Core/Src/stm32l4xx_it.o
                0x080006ee                HardFault_Handler
 .text.MemManage_Handler
                0x080006f0        0x2 ./Core/Src/stm32l4xx_it.o
                0x080006f0                MemManage_Handler
 .text.BusFault_Handler
                0x080006f2        0x2 ./Core/Src/stm32l4xx_it.o
                0x080006f2                BusFault_Handler
 .text.UsageFault_Handler
                0x080006f4        0x2 ./Core/Src/stm32l4xx_it.o
                0x080006f4                UsageFault_Handler
 .text.SVC_Handler
                0x080006f6        0x2 ./Core/Src/stm32l4xx_it.o
                0x080006f6                SVC_Handler
 .text.DebugMon_Handler
                0x080006f8        0x2 ./Core/Src/stm32l4xx_it.o
                0x080006f8                DebugMon_Handler
 .text.PendSV_Handler
                0x080006fa        0x2 ./Core/Src/stm32l4xx_it.o
                0x080006fa                PendSV_Handler
 .text.SysTick_Handler
                0x080006fc        0x8 ./Core/Src/stm32l4xx_it.o
                0x080006fc                SysTick_Handler
 .text.EXTI9_5_IRQHandler
                0x08000704       0xd4 ./Core/Src/stm32l4xx_it.o
                0x08000704                EXTI9_5_IRQHandler
 .text.TIM4_IRQHandler
                0x080007d8       0x14 ./Core/Src/stm32l4xx_it.o
                0x080007d8                TIM4_IRQHandler
 .text.EXTI15_10_IRQHandler
                0x080007ec       0x40 ./Core/Src/stm32l4xx_it.o
                0x080007ec                EXTI15_10_IRQHandler
 .text.SystemInit
                0x0800082c       0x14 ./Core/Src/system_stm32l4xx.o
                0x0800082c                SystemInit
 .text.TASK_Init
                0x08000840       0x4c ./Core/Src/task.o
                0x08000840                TASK_Init
 .text.TASK_Button
                0x0800088c       0x10 ./Core/Src/task.o
                0x0800088c                TASK_Button
 .text.TASK_Evolve
                0x0800089c      0x1c4 ./Core/Src/task.o
                0x0800089c                TASK_Evolve
 .text.TASK_LED
                0x08000a60       0x70 ./Core/Src/task.o
                0x08000a60                TASK_LED
 .text.Reset_Handler
                0x08000ad0       0x50 ./Core/Startup/startup_stm32l476rgtx.o
                0x08000ad0                Reset_Handler
 .text.Default_Handler
                0x08000b20        0x2 ./Core/Startup/startup_stm32l476rgtx.o
                0x08000b20                RTC_Alarm_IRQHandler
                0x08000b20                EXTI2_IRQHandler
                0x08000b20                TIM8_TRG_COM_IRQHandler
                0x08000b20                TIM8_CC_IRQHandler
                0x08000b20                TIM1_CC_IRQHandler
                0x08000b20                TSC_IRQHandler
                0x08000b20                TAMP_STAMP_IRQHandler
                0x08000b20                EXTI3_IRQHandler
                0x08000b20                LPTIM2_IRQHandler
                0x08000b20                DFSDM1_FLT1_IRQHandler
                0x08000b20                I2C3_ER_IRQHandler
                0x08000b20                DFSDM1_FLT2_IRQHandler
                0x08000b20                EXTI0_IRQHandler
                0x08000b20                I2C2_EV_IRQHandler
                0x08000b20                CAN1_RX0_IRQHandler
                0x08000b20                FPU_IRQHandler
                0x08000b20                TIM1_UP_TIM16_IRQHandler
                0x08000b20                ADC1_2_IRQHandler
                0x08000b20                SPI1_IRQHandler
                0x08000b20                TIM6_DAC_IRQHandler
                0x08000b20                TIM8_UP_IRQHandler
                0x08000b20                DMA2_Channel2_IRQHandler
                0x08000b20                DMA1_Channel4_IRQHandler
                0x08000b20                SAI2_IRQHandler
                0x08000b20                DFSDM1_FLT3_IRQHandler
                0x08000b20                USART3_IRQHandler
                0x08000b20                DMA1_Channel7_IRQHandler
                0x08000b20                CAN1_RX1_IRQHandler
                0x08000b20                LCD_IRQHandler
                0x08000b20                UART5_IRQHandler
                0x08000b20                ADC3_IRQHandler
                0x08000b20                DMA2_Channel1_IRQHandler
                0x08000b20                QUADSPI_IRQHandler
                0x08000b20                I2C1_EV_IRQHandler
                0x08000b20                DMA1_Channel6_IRQHandler
                0x08000b20                UART4_IRQHandler
                0x08000b20                DMA2_Channel4_IRQHandler
                0x08000b20                TIM3_IRQHandler
                0x08000b20                RCC_IRQHandler
                0x08000b20                DMA1_Channel1_IRQHandler
                0x08000b20                Default_Handler
                0x08000b20                DMA2_Channel7_IRQHandler
                0x08000b20                TIM7_IRQHandler
                0x08000b20                SDMMC1_IRQHandler
                0x08000b20                TIM5_IRQHandler
                0x08000b20                I2C3_EV_IRQHandler
                0x08000b20                RTC_WKUP_IRQHandler
                0x08000b20                PVD_PVM_IRQHandler
                0x08000b20                SPI2_IRQHandler
                0x08000b20                CAN1_TX_IRQHandler
                0x08000b20                DMA2_Channel5_IRQHandler
                0x08000b20                DMA1_Channel5_IRQHandler
                0x08000b20                EXTI4_IRQHandler
                0x08000b20                RNG_IRQHandler
                0x08000b20                TIM1_TRG_COM_TIM17_IRQHandler
                0x08000b20                DMA1_Channel3_IRQHandler
                0x08000b20                COMP_IRQHandler
                0x08000b20                WWDG_IRQHandler
                0x08000b20                LPUART1_IRQHandler
                0x08000b20                DMA2_Channel6_IRQHandler
                0x08000b20                TIM2_IRQHandler
                0x08000b20                EXTI1_IRQHandler
                0x08000b20                USART2_IRQHandler
                0x08000b20                DFSDM1_FLT0_IRQHandler
                0x08000b20                I2C2_ER_IRQHandler
                0x08000b20                DMA1_Channel2_IRQHandler
                0x08000b20                TIM8_BRK_IRQHandler
                0x08000b20                CAN1_SCE_IRQHandler
                0x08000b20                FLASH_IRQHandler
                0x08000b20                USART1_IRQHandler
                0x08000b20                OTG_FS_IRQHandler
                0x08000b20                SPI3_IRQHandler
                0x08000b20                I2C1_ER_IRQHandler
                0x08000b20                FMC_IRQHandler
                0x08000b20                SWPMI1_IRQHandler
                0x08000b20                LPTIM1_IRQHandler
                0x08000b20                SAI1_IRQHandler
                0x08000b20                DMA2_Channel3_IRQHandler
                0x08000b20                TIM1_BRK_TIM15_IRQHandler
 *fill*         0x08000b22        0x2 
 .text.HAL_InitTick
                0x08000b24       0x50 ./Drivers/STM32L4xx_HAL_Driver/Src/stm32l4xx_hal.o
                0x08000b24                HAL_InitTick
 .text.HAL_Init
                0x08000b74       0x2c ./Drivers/STM32L4xx_HAL_Driver/Src/stm32l4xx_hal.o
                0x08000b74                HAL_Init
 .text.HAL_IncTick
                0x08000ba0       0x18 ./Drivers/STM32L4xx_HAL_Driver/Src/stm32l4xx_hal.o
                0x08000ba0                HAL_IncTick
 .text.HAL_GetTick
                0x08000bb8        0xc ./Drivers/STM32L4xx_HAL_Driver/Src/stm32l4xx_hal.o
                0x08000bb8                HAL_GetTick
 .text.__NVIC_EnableIRQ
                0x08000bc4       0x1c ./Drivers/STM32L4xx_HAL_Driver/Src/stm32l4xx_hal_cortex.o
 .text.__NVIC_SetPriority
                0x08000be0       0x28 ./Drivers/STM32L4xx_HAL_Driver/Src/stm32l4xx_hal_cortex.o
 .text.NVIC_EncodePriority
                0x08000c08       0x3e ./Drivers/STM32L4xx_HAL_Driver/Src/stm32l4xx_hal_cortex.o
 *fill*         0x08000c46        0x2 
 .text.HAL_NVIC_SetPriorityGrouping
                0x08000c48       0x24 ./Drivers/STM32L4xx_HAL_Driver/Src/stm32l4xx_hal_cortex.o
                0x08000c48                HAL_NVIC_SetPriorityGrouping
 .text.HAL_NVIC_SetPriority
                0x08000c6c       0x20 ./Drivers/STM32L4xx_HAL_Driver/Src/stm32l4xx_hal_cortex.o
                0x08000c6c                HAL_NVIC_SetPriority
 .text.HAL_NVIC_EnableIRQ
                0x08000c8c        0x8 ./Drivers/STM32L4xx_HAL_Driver/Src/stm32l4xx_hal_cortex.o
                0x08000c8c                HAL_NVIC_EnableIRQ
 .text.HAL_SYSTICK_Config
                0x08000c94       0x28 ./Drivers/STM32L4xx_HAL_Driver/Src/stm32l4xx_hal_cortex.o
                0x08000c94                HAL_SYSTICK_Config
 .text.HAL_GPIO_Init
                0x08000cbc      0x200 ./Drivers/STM32L4xx_HAL_Driver/Src/stm32l4xx_hal_gpio.o
                0x08000cbc                HAL_GPIO_Init
 .text.HAL_GPIO_ReadPin
                0x08000ebc        0xe ./Drivers/STM32L4xx_HAL_Driver/Src/stm32l4xx_hal_gpio.o
                0x08000ebc                HAL_GPIO_ReadPin
 .text.HAL_GPIO_WritePin
                0x08000eca        0xa ./Drivers/STM32L4xx_HAL_Driver/Src/stm32l4xx_hal_gpio.o
                0x08000eca                HAL_GPIO_WritePin
 .text.HAL_GPIO_EXTI_Callback
                0x08000ed4        0x2 ./Drivers/STM32L4xx_HAL_Driver/Src/stm32l4xx_hal_gpio.o
                0x08000ed4                HAL_GPIO_EXTI_Callback
 *fill*         0x08000ed6        0x2 
 .text.HAL_GPIO_EXTI_IRQHandler
                0x08000ed8       0x1c ./Drivers/STM32L4xx_HAL_Driver/Src/stm32l4xx_hal_gpio.o
                0x08000ed8                HAL_GPIO_EXTI_IRQHandler
 .text.HAL_PWREx_GetVoltageRange
                0x08000ef4       0x10 ./Drivers/STM32L4xx_HAL_Driver/Src/stm32l4xx_hal_pwr_ex.o
                0x08000ef4                HAL_PWREx_GetVoltageRange
 .text.HAL_PWREx_ControlVoltageScaling
                0x08000f04       0x90 ./Drivers/STM32L4xx_HAL_Driver/Src/stm32l4xx_hal_pwr_ex.o
                0x08000f04                HAL_PWREx_ControlVoltageScaling
 .text.RCC_SetFlashLatencyFromMSIRange
                0x08000f94       0x90 ./Drivers/STM32L4xx_HAL_Driver/Src/stm32l4xx_hal_rcc.o
 .text.HAL_RCC_GetSysClockFreq
                0x08001024       0xb4 ./Drivers/STM32L4xx_HAL_Driver/Src/stm32l4xx_hal_rcc.o
                0x08001024                HAL_RCC_GetSysClockFreq
 .text.HAL_RCC_OscConfig
                0x080010d8      0x61c ./Drivers/STM32L4xx_HAL_Driver/Src/stm32l4xx_hal_rcc.o
                0x080010d8                HAL_RCC_OscConfig
 .text.HAL_RCC_ClockConfig
                0x080016f4      0x188 ./Drivers/STM32L4xx_HAL_Driver/Src/stm32l4xx_hal_rcc.o
                0x080016f4                HAL_RCC_ClockConfig
 .text.TIM_TI1_ConfigInputStage
                0x0800187c       0x26 ./Drivers/STM32L4xx_HAL_Driver/Src/stm32l4xx_hal_tim.o
 .text.TIM_TI2_ConfigInputStage
                0x080018a2       0x28 ./Drivers/STM32L4xx_HAL_Driver/Src/stm32l4xx_hal_tim.o
 .text.TIM_ITRx_SetConfig
                0x080018ca       0x10 ./Drivers/STM32L4xx_HAL_Driver/Src/stm32l4xx_hal_tim.o
 *fill*         0x080018da        0x2 
 .text.HAL_TIM_Base_Start_IT
                0x080018dc       0x8c ./Drivers/STM32L4xx_HAL_Driver/Src/stm32l4xx_hal_tim.o
                0x080018dc                HAL_TIM_Base_Start_IT
 .text.HAL_TIM_PeriodElapsedCallback
                0x08001968        0x2 ./Drivers/STM32L4xx_HAL_Driver/Src/stm32l4xx_hal_tim.o
                0x08001968                HAL_TIM_PeriodElapsedCallback
 .text.HAL_TIM_OC_DelayElapsedCallback
                0x0800196a        0x2 ./Drivers/STM32L4xx_HAL_Driver/Src/stm32l4xx_hal_tim.o
                0x0800196a                HAL_TIM_OC_DelayElapsedCallback
 .text.HAL_TIM_IC_CaptureCallback
                0x0800196c        0x2 ./Drivers/STM32L4xx_HAL_Driver/Src/stm32l4xx_hal_tim.o
                0x0800196c                HAL_TIM_IC_CaptureCallback
 .text.HAL_TIM_PWM_PulseFinishedCallback
                0x0800196e        0x2 ./Drivers/STM32L4xx_HAL_Driver/Src/stm32l4xx_hal_tim.o
                0x0800196e                HAL_TIM_PWM_PulseFinishedCallback
 .text.HAL_TIM_TriggerCallback
                0x08001970        0x2 ./Drivers/STM32L4xx_HAL_Driver/Src/stm32l4xx_hal_tim.o
                0x08001970                HAL_TIM_TriggerCallback
 .text.HAL_TIM_IRQHandler
                0x08001972      0x17a ./Drivers/STM32L4xx_HAL_Driver/Src/stm32l4xx_hal_tim.o
                0x08001972                HAL_TIM_IRQHandler
 .text.TIM_Base_SetConfig
                0x08001aec       0xd8 ./Drivers/STM32L4xx_HAL_Driver/Src/stm32l4xx_hal_tim.o
                0x08001aec                TIM_Base_SetConfig
 .text.HAL_TIM_Base_Init
                0x08001bc4       0x60 ./Drivers/STM32L4xx_HAL_Driver/Src/stm32l4xx_hal_tim.o
                0x08001bc4                HAL_TIM_Base_Init
 .text.TIM_ETR_SetConfig
                0x08001c24       0x1a ./Drivers/STM32L4xx_HAL_Driver/Src/stm32l4xx_hal_tim.o
                0x08001c24                TIM_ETR_SetConfig
 *fill*         0x08001c3e        0x2 
 .text.HAL_TIM_ConfigClockSource
                0x08001c40      0x100 ./Drivers/STM32L4xx_HAL_Driver/Src/stm32l4xx_hal_tim.o
                0x08001c40                HAL_TIM_ConfigClockSource
 .text.HAL_TIMEx_MasterConfigSynchronization
                0x08001d40       0x98 ./Drivers/STM32L4xx_HAL_Driver/Src/stm32l4xx_hal_tim_ex.o
                0x08001d40                HAL_TIMEx_MasterConfigSynchronization
 .text.HAL_TIMEx_CommutCallback
                0x08001dd8        0x2 ./Drivers/STM32L4xx_HAL_Driver/Src/stm32l4xx_hal_tim_ex.o
                0x08001dd8                HAL_TIMEx_CommutCallback
 .text.HAL_TIMEx_BreakCallback
                0x08001dda        0x2 ./Drivers/STM32L4xx_HAL_Driver/Src/stm32l4xx_hal_tim_ex.o
                0x08001dda                HAL_TIMEx_BreakCallback
 .text.HAL_TIMEx_Break2Callback
                0x08001ddc        0x2 ./Drivers/STM32L4xx_HAL_Driver/Src/stm32l4xx_hal_tim_ex.o
                0x08001ddc                HAL_TIMEx_Break2Callback
 .text.memset   0x08001dde       0x10 C:/ST/STM32CubeIDE_1.16.0/STM32CubeIDE/plugins/com.st.stm32cube.ide.mcu.externaltools.gnu-tools-for-stm32.12.3.rel1.win32_1.0.200.202406191623/tools/bin/../lib/gcc/arm-none-eabi/12.3.1/../../../../arm-none-eabi/lib/thumb/v7e-m+fp/hard\libc_nano.a(libc_a-memset.o)
                0x08001dde                memset
 *fill*         0x08001dee        0x2 
 .text.__libc_init_array
                0x08001df0       0x48 C:/ST/STM32CubeIDE_1.16.0/STM32CubeIDE/plugins/com.st.stm32cube.ide.mcu.externaltools.gnu-tools-for-stm32.12.3.rel1.win32_1.0.200.202406191623/tools/bin/../lib/gcc/arm-none-eabi/12.3.1/../../../../arm-none-eabi/lib/thumb/v7e-m+fp/hard\libc_nano.a(libc_a-init.o)
                0x08001df0                __libc_init_array
 *(.glue_7)
 .glue_7        0x08001e38        0x0 linker stubs
 *(.glue_7t)
 .glue_7t       0x08001e38        0x0 linker stubs
 *(.eh_frame)
 .eh_frame      0x08001e38        0x0 C:/ST/STM32CubeIDE_1.16.0/STM32CubeIDE/plugins/com.st.stm32cube.ide.mcu.externaltools.gnu-tools-for-stm32.12.3.rel1.win32_1.0.200.202406191623/tools/bin/../lib/gcc/arm-none-eabi/12.3.1/thumb/v7e-m+fp/hard/crtbegin.o
 *(.init)
 .init          0x08001e38        0x4 C:/ST/STM32CubeIDE_1.16.0/STM32CubeIDE/plugins/com.st.stm32cube.ide.mcu.externaltools.gnu-tools-for-stm32.12.3.rel1.win32_1.0.200.202406191623/tools/bin/../lib/gcc/arm-none-eabi/12.3.1/thumb/v7e-m+fp/hard/crti.o
                0x08001e38                _init
 .init          0x08001e3c        0x8 C:/ST/STM32CubeIDE_1.16.0/STM32CubeIDE/plugins/com.st.stm32cube.ide.mcu.externaltools.gnu-tools-for-stm32.12.3.rel1.win32_1.0.200.202406191623/tools/bin/../lib/gcc/arm-none-eabi/12.3.1/thumb/v7e-m+fp/hard/crtn.o
 *(.fini)
 .fini          0x08001e44        0x4 C:/ST/STM32CubeIDE_1.16.0/STM32CubeIDE/plugins/com.st.stm32cube.ide.mcu.externaltools.gnu-tools-for-stm32.12.3.rel1.win32_1.0.200.202406191623/tools/bin/../lib/gcc/arm-none-eabi/12.3.1/thumb/v7e-m+fp/hard/crti.o
                0x08001e44                _fini
 .fini          0x08001e48        0x8 C:/ST/STM32CubeIDE_1.16.0/STM32CubeIDE/plugins/com.st.stm32cube.ide.mcu.externaltools.gnu-tools-for-stm32.12.3.rel1.win32_1.0.200.202406191623/tools/bin/../lib/gcc/arm-none-eabi/12.3.1/thumb/v7e-m+fp/hard/crtn.o
                0x08001e50                        . = ALIGN (0x4)
                0x08001e50                        _etext = .

.vfp11_veneer   0x08001e50        0x0
 .vfp11_veneer  0x08001e50        0x0 linker stubs

.v4_bx          0x08001e50        0x0
 .v4_bx         0x08001e50        0x0 linker stubs

.iplt           0x08001e50        0x0
 .iplt          0x08001e50        0x0 C:/ST/STM32CubeIDE_1.16.0/STM32CubeIDE/plugins/com.st.stm32cube.ide.mcu.externaltools.gnu-tools-for-stm32.12.3.rel1.win32_1.0.200.202406191623/tools/bin/../lib/gcc/arm-none-eabi/12.3.1/thumb/v7e-m+fp/hard/crtbegin.o

.rodata         0x08001e50       0x40
                0x08001e50                        . = ALIGN (0x4)
 *(.rodata)
 *(.rodata*)
 .rodata.MSIRangeTable
                0x08001e50       0x30 ./Core/Src/system_stm32l4xx.o
                0x08001e50                MSIRangeTable
 .rodata.AHBPrescTable
                0x08001e80       0x10 ./Core/Src/system_stm32l4xx.o
                0x08001e80                AHBPrescTable
                0x08001e90                        . = ALIGN (0x4)

.ARM.extab      0x08001e90        0x0
                0x08001e90                        . = ALIGN (0x4)
 *(.ARM.extab* .gnu.linkonce.armextab.*)
                0x08001e90                        . = ALIGN (0x4)

.ARM            0x08001e90        0x0
                0x08001e90                        . = ALIGN (0x4)
                0x08001e90                        __exidx_start = .
 *(.ARM.exidx*)
                0x08001e90                        __exidx_end = .
                0x08001e90                        . = ALIGN (0x4)

.preinit_array  0x08001e90        0x0
                0x08001e90                        . = ALIGN (0x4)
                0x08001e90                        PROVIDE (__preinit_array_start = .)
 *(.preinit_array*)
                0x08001e90                        PROVIDE (__preinit_array_end = .)
                0x08001e90                        . = ALIGN (0x4)

.init_array     0x08001e90        0x4
                0x08001e90                        . = ALIGN (0x4)
                0x08001e90                        PROVIDE (__init_array_start = .)
 *(SORT_BY_NAME(.init_array.*))
 *(.init_array*)
 .init_array    0x08001e90        0x4 C:/ST/STM32CubeIDE_1.16.0/STM32CubeIDE/plugins/com.st.stm32cube.ide.mcu.externaltools.gnu-tools-for-stm32.12.3.rel1.win32_1.0.200.202406191623/tools/bin/../lib/gcc/arm-none-eabi/12.3.1/thumb/v7e-m+fp/hard/crtbegin.o
                0x08001e94                        PROVIDE (__init_array_end = .)
                0x08001e94                        . = ALIGN (0x4)

.fini_array     0x08001e94        0x4
                0x08001e94                        . = ALIGN (0x4)
                [!provide]                        PROVIDE (__fini_array_start = .)
 *(SORT_BY_NAME(.fini_array.*))
 *(.fini_array*)
 .fini_array    0x08001e94        0x4 C:/ST/STM32CubeIDE_1.16.0/STM32CubeIDE/plugins/com.st.stm32cube.ide.mcu.externaltools.gnu-tools-for-stm32.12.3.rel1.win32_1.0.200.202406191623/tools/bin/../lib/gcc/arm-none-eabi/12.3.1/thumb/v7e-m+fp/hard/crtbegin.o
                [!provide]                        PROVIDE (__fini_array_end = .)
                0x08001e98                        . = ALIGN (0x4)
                0x08001e98                        _sidata = LOADADDR (.data)

.rel.dyn        0x08001e98        0x0
 .rel.iplt      0x08001e98        0x0 C:/ST/STM32CubeIDE_1.16.0/STM32CubeIDE/plugins/com.st.stm32cube.ide.mcu.externaltools.gnu-tools-for-stm32.12.3.rel1.win32_1.0.200.202406191623/tools/bin/../lib/gcc/arm-none-eabi/12.3.1/thumb/v7e-m+fp/hard/crtbegin.o

.data           0x20000000       0xe4 load address 0x08001e98
                0x20000000                        . = ALIGN (0x4)
                0x20000000                        _sdata = .
 *(.data)
 *(.data*)
 .data.led_bar  0x20000000       0x60 ./Core/Src/LED.o
 .data.BB_PreviousValue.0
                0x20000060        0x4 ./Core/Src/button.o
 .data.ptConfig
                0x20000064        0x4 ./Core/Src/button.o
                0x20000064                ptConfig
 .data.Rcc      0x20000068        0x4 ./Core/Src/button.o
                0x20000068                Rcc
 .data.ptEna    0x2000006c        0x4 ./Core/Src/button.o
                0x2000006c                ptEna
 .data.joystick
                0x20000070       0x50 ./Core/Src/button.o
                0x20000070                joystick
 .data.SystemCoreClock
                0x200000c0        0x4 ./Core/Src/system_stm32l4xx.o
                0x200000c0                SystemCoreClock
 .data.GreenLED_state.0
                0x200000c4        0x4 ./Core/Src/task.o
 .data.List_LEDspeed
                0x200000c8       0x10 ./Core/Src/task.o
                0x200000c8                List_LEDspeed
 .data.Button_has_been_pressed
                0x200000d8        0x4 ./Core/Src/task.o
                0x200000d8                Button_has_been_pressed
 .data.uwTickFreq
                0x200000dc        0x1 ./Drivers/STM32L4xx_HAL_Driver/Src/stm32l4xx_hal.o
                0x200000dc                uwTickFreq
 *fill*         0x200000dd        0x3 
 .data.uwTickPrio
                0x200000e0        0x4 ./Drivers/STM32L4xx_HAL_Driver/Src/stm32l4xx_hal.o
                0x200000e0                uwTickPrio
 *(.RamFunc)
 *(.RamFunc*)
                0x200000e4                        . = ALIGN (0x4)
                0x200000e4                        _edata = .

.igot.plt       0x200000e4        0x0 load address 0x08001f7c
 .igot.plt      0x200000e4        0x0 C:/ST/STM32CubeIDE_1.16.0/STM32CubeIDE/plugins/com.st.stm32cube.ide.mcu.externaltools.gnu-tools-for-stm32.12.3.rel1.win32_1.0.200.202406191623/tools/bin/../lib/gcc/arm-none-eabi/12.3.1/thumb/v7e-m+fp/hard/crtbegin.o
                0x200000e4                        . = ALIGN (0x4)

.bss            0x200000e4       0xa0 load address 0x08001f7c
                0x200000e4                        _sbss = .
                0x200000e4                        __bss_start__ = _sbss
 *(.bss)
 .bss           0x200000e4       0x1c C:/ST/STM32CubeIDE_1.16.0/STM32CubeIDE/plugins/com.st.stm32cube.ide.mcu.externaltools.gnu-tools-for-stm32.12.3.rel1.win32_1.0.200.202406191623/tools/bin/../lib/gcc/arm-none-eabi/12.3.1/thumb/v7e-m+fp/hard/crtbegin.o
 *(.bss*)
 .bss.htim4     0x20000100       0x4c ./Core/Src/main.o
                0x20000100                htim4
 .bss.taskNumber.0
                0x2000014c        0x4 ./Core/Src/scheduler.o
 .bss.PositionStock.1
                0x20000150        0x4 ./Core/Src/task.o
 .bss.GREEN_LED_State.2
                0x20000154        0x4 ./Core/Src/task.o
 .bss.WaitcycleN
                0x20000158        0x4 ./Core/Src/task.o
                0x20000158                WaitcycleN
 .bss.GREEN_LED_Speed
                0x2000015c        0x4 ./Core/Src/task.o
                0x2000015c                GREEN_LED_Speed
 .bss.CycleBlink
                0x20000160        0x4 ./Core/Src/task.o
                0x20000160                CycleBlink
 .bss.WaitPartie6
                0x20000164        0x4 ./Core/Src/task.o
                0x20000164                WaitPartie6
 .bss.TimeAllocated
                0x20000168        0x4 ./Core/Src/task.o
                0x20000168                TimeAllocated
 .bss.speed     0x2000016c        0x4 ./Core/Src/task.o
                0x2000016c                speed
 .bss.TimePartie6
                0x20000170        0x4 ./Core/Src/task.o
                0x20000170                TimePartie6
 .bss.Position  0x20000174        0x4 ./Core/Src/task.o
                0x20000174                Position
 .bss.LEDSSPEED
                0x20000178        0x4 ./Core/Src/task.o
                0x20000178                LEDSSPEED
 .bss.DrawState
                0x2000017c        0x1 ./Core/Src/task.o
                0x2000017c                DrawState
 *fill*         0x2000017d        0x3 
 .bss.uwTick    0x20000180        0x4 ./Drivers/STM32L4xx_HAL_Driver/Src/stm32l4xx_hal.o
                0x20000180                uwTick
 *(COMMON)
                0x20000184                        . = ALIGN (0x4)
                0x20000184                        _ebss = .
                0x20000184                        __bss_end__ = _ebss

._user_heap_stack
                0x20000184      0x604 load address 0x08001f7c
                0x20000188                        . = ALIGN (0x8)
 *fill*         0x20000184        0x4 
                [!provide]                        PROVIDE (end = .)
                0x20000188                        PROVIDE (_end = .)
                0x20000388                        . = (. + _Min_Heap_Size)
 *fill*         0x20000188      0x200 
                0x20000788                        . = (. + _Min_Stack_Size)
 *fill*         0x20000388      0x400 
                0x20000788                        . = ALIGN (0x8)

/DISCARD/
 libc.a(*)
 libm.a(*)
 libgcc.a(*)

.ARM.attributes
                0x00000000       0x30
 *(.ARM.attributes)
 .ARM.attributes
                0x00000000       0x22 C:/ST/STM32CubeIDE_1.16.0/STM32CubeIDE/plugins/com.st.stm32cube.ide.mcu.externaltools.gnu-tools-for-stm32.12.3.rel1.win32_1.0.200.202406191623/tools/bin/../lib/gcc/arm-none-eabi/12.3.1/thumb/v7e-m+fp/hard/crti.o
 .ARM.attributes
                0x00000022       0x34 C:/ST/STM32CubeIDE_1.16.0/STM32CubeIDE/plugins/com.st.stm32cube.ide.mcu.externaltools.gnu-tools-for-stm32.12.3.rel1.win32_1.0.200.202406191623/tools/bin/../lib/gcc/arm-none-eabi/12.3.1/thumb/v7e-m+fp/hard/crtbegin.o
 .ARM.attributes
                0x00000056       0x34 ./Core/Src/LED.o
 .ARM.attributes
                0x0000008a       0x34 ./Core/Src/button.o
 .ARM.attributes
                0x000000be       0x34 ./Core/Src/main.o
 .ARM.attributes
                0x000000f2       0x34 ./Core/Src/scheduler.o
 .ARM.attributes
                0x00000126       0x34 ./Core/Src/stm32l4xx_hal_msp.o
 .ARM.attributes
                0x0000015a       0x34 ./Core/Src/stm32l4xx_it.o
 .ARM.attributes
                0x0000018e       0x34 ./Core/Src/system_stm32l4xx.o
 .ARM.attributes
                0x000001c2       0x34 ./Core/Src/task.o
 .ARM.attributes
                0x000001f6       0x21 ./Core/Startup/LED.o
 .ARM.attributes
                0x00000217       0x21 ./Core/Startup/startup_stm32l476rgtx.o
 .ARM.attributes
                0x00000238       0x34 ./Drivers/STM32L4xx_HAL_Driver/Src/stm32l4xx_hal.o
 .ARM.attributes
                0x0000026c       0x34 ./Drivers/STM32L4xx_HAL_Driver/Src/stm32l4xx_hal_cortex.o
 .ARM.attributes
                0x000002a0       0x34 ./Drivers/STM32L4xx_HAL_Driver/Src/stm32l4xx_hal_gpio.o
 .ARM.attributes
                0x000002d4       0x34 ./Drivers/STM32L4xx_HAL_Driver/Src/stm32l4xx_hal_pwr_ex.o
 .ARM.attributes
                0x00000308       0x34 ./Drivers/STM32L4xx_HAL_Driver/Src/stm32l4xx_hal_rcc.o
 .ARM.attributes
                0x0000033c       0x34 ./Drivers/STM32L4xx_HAL_Driver/Src/stm32l4xx_hal_tim.o
 .ARM.attributes
                0x00000370       0x34 ./Drivers/STM32L4xx_HAL_Driver/Src/stm32l4xx_hal_tim_ex.o
 .ARM.attributes
                0x000003a4       0x34 C:/ST/STM32CubeIDE_1.16.0/STM32CubeIDE/plugins/com.st.stm32cube.ide.mcu.externaltools.gnu-tools-for-stm32.12.3.rel1.win32_1.0.200.202406191623/tools/bin/../lib/gcc/arm-none-eabi/12.3.1/../../../../arm-none-eabi/lib/thumb/v7e-m+fp/hard\libc_nano.a(libc_a-memset.o)
 .ARM.attributes
                0x000003d8       0x34 C:/ST/STM32CubeIDE_1.16.0/STM32CubeIDE/plugins/com.st.stm32cube.ide.mcu.externaltools.gnu-tools-for-stm32.12.3.rel1.win32_1.0.200.202406191623/tools/bin/../lib/gcc/arm-none-eabi/12.3.1/../../../../arm-none-eabi/lib/thumb/v7e-m+fp/hard\libc_nano.a(libc_a-init.o)
 .ARM.attributes
                0x0000040c       0x22 C:/ST/STM32CubeIDE_1.16.0/STM32CubeIDE/plugins/com.st.stm32cube.ide.mcu.externaltools.gnu-tools-for-stm32.12.3.rel1.win32_1.0.200.202406191623/tools/bin/../lib/gcc/arm-none-eabi/12.3.1/thumb/v7e-m+fp/hard/crtn.o
OUTPUT(TP23 - AMC - BARE MENTAL.elf elf32-littlearm)
LOAD linker stubs
LOAD C:/ST/STM32CubeIDE_1.16.0/STM32CubeIDE/plugins/com.st.stm32cube.ide.mcu.externaltools.gnu-tools-for-stm32.12.3.rel1.win32_1.0.200.202406191623/tools/bin/../lib/gcc/arm-none-eabi/12.3.1/../../../../arm-none-eabi/lib/thumb/v7e-m+fp/hard\libc.a
LOAD C:/ST/STM32CubeIDE_1.16.0/STM32CubeIDE/plugins/com.st.stm32cube.ide.mcu.externaltools.gnu-tools-for-stm32.12.3.rel1.win32_1.0.200.202406191623/tools/bin/../lib/gcc/arm-none-eabi/12.3.1/../../../../arm-none-eabi/lib/thumb/v7e-m+fp/hard\libm.a
LOAD C:/ST/STM32CubeIDE_1.16.0/STM32CubeIDE/plugins/com.st.stm32cube.ide.mcu.externaltools.gnu-tools-for-stm32.12.3.rel1.win32_1.0.200.202406191623/tools/bin/../lib/gcc/arm-none-eabi/12.3.1/thumb/v7e-m+fp/hard\libgcc.a

.debug_info     0x00000000     0xd946
 .debug_info    0x00000000      0x337 ./Core/Src/LED.o
 .debug_info    0x00000337      0x3e8 ./Core/Src/button.o
 .debug_info    0x0000071f     0x13c8 ./Core/Src/main.o
 .debug_info    0x00001ae7       0x9a ./Core/Src/scheduler.o
 .debug_info    0x00001b81      0xb69 ./Core/Src/stm32l4xx_hal_msp.o
 .debug_info    0x000026ea      0xbab ./Core/Src/stm32l4xx_it.o
 .debug_info    0x00003295      0x5cf ./Core/Src/system_stm32l4xx.o
 .debug_info    0x00003864      0xa22 ./Core/Src/task.o
 .debug_info    0x00004286       0x25 ./Core/Startup/LED.o
 .debug_info    0x000042ab       0x30 ./Core/Startup/startup_stm32l476rgtx.o
 .debug_info    0x000042db      0xcc8 ./Drivers/STM32L4xx_HAL_Driver/Src/stm32l4xx_hal.o
 .debug_info    0x00004fa3      0xfb4 ./Drivers/STM32L4xx_HAL_Driver/Src/stm32l4xx_hal_cortex.o
 .debug_info    0x00005f57      0x78d ./Drivers/STM32L4xx_HAL_Driver/Src/stm32l4xx_hal_gpio.o
 .debug_info    0x000066e4      0xa50 ./Drivers/STM32L4xx_HAL_Driver/Src/stm32l4xx_hal_pwr_ex.o
 .debug_info    0x00007134      0xe89 ./Drivers/STM32L4xx_HAL_Driver/Src/stm32l4xx_hal_rcc.o
 .debug_info    0x00007fbd     0x3cb9 ./Drivers/STM32L4xx_HAL_Driver/Src/stm32l4xx_hal_tim.o
 .debug_info    0x0000bc76     0x1cd0 ./Drivers/STM32L4xx_HAL_Driver/Src/stm32l4xx_hal_tim_ex.o

.debug_abbrev   0x00000000     0x20c8
 .debug_abbrev  0x00000000      0x1ef ./Core/Src/LED.o
 .debug_abbrev  0x000001ef      0x245 ./Core/Src/button.o
 .debug_abbrev  0x00000434      0x2d8 ./Core/Src/main.o
 .debug_abbrev  0x0000070c       0x6e ./Core/Src/scheduler.o
 .debug_abbrev  0x0000077a      0x1d2 ./Core/Src/stm32l4xx_hal_msp.o
 .debug_abbrev  0x0000094c      0x240 ./Core/Src/stm32l4xx_it.o
 .debug_abbrev  0x00000b8c      0x120 ./Core/Src/system_stm32l4xx.o
 .debug_abbrev  0x00000cac      0x245 ./Core/Src/task.o
 .debug_abbrev  0x00000ef1       0x14 ./Core/Startup/LED.o
 .debug_abbrev  0x00000f05       0x24 ./Core/Startup/startup_stm32l476rgtx.o
 .debug_abbrev  0x00000f29      0x26a ./Drivers/STM32L4xx_HAL_Driver/Src/stm32l4xx_hal.o
 .debug_abbrev  0x00001193      0x392 ./Drivers/STM32L4xx_HAL_Driver/Src/stm32l4xx_hal_cortex.o
 .debug_abbrev  0x00001525      0x1fb ./Drivers/STM32L4xx_HAL_Driver/Src/stm32l4xx_hal_gpio.o
 .debug_abbrev  0x00001720      0x217 ./Drivers/STM32L4xx_HAL_Driver/Src/stm32l4xx_hal_pwr_ex.o
 .debug_abbrev  0x00001937      0x2ad ./Drivers/STM32L4xx_HAL_Driver/Src/stm32l4xx_hal_rcc.o
 .debug_abbrev  0x00001be4      0x273 ./Drivers/STM32L4xx_HAL_Driver/Src/stm32l4xx_hal_tim.o
 .debug_abbrev  0x00001e57      0x271 ./Drivers/STM32L4xx_HAL_Driver/Src/stm32l4xx_hal_tim_ex.o

.debug_loclists
                0x00000000     0x6256
 .debug_loclists
                0x00000000       0x75 ./Core/Src/LED.o
 .debug_loclists
                0x00000075       0x6c ./Core/Src/button.o
 .debug_loclists
                0x000000e1       0x34 ./Core/Src/stm32l4xx_hal_msp.o
 .debug_loclists
                0x00000115       0xb5 ./Core/Src/system_stm32l4xx.o
 .debug_loclists
                0x000001ca      0x12f ./Drivers/STM32L4xx_HAL_Driver/Src/stm32l4xx_hal.o
 .debug_loclists
                0x000002f9      0x439 ./Drivers/STM32L4xx_HAL_Driver/Src/stm32l4xx_hal_cortex.o
 .debug_loclists
                0x00000732      0x277 ./Drivers/STM32L4xx_HAL_Driver/Src/stm32l4xx_hal_gpio.o
 .debug_loclists
                0x000009a9      0x593 ./Drivers/STM32L4xx_HAL_Driver/Src/stm32l4xx_hal_pwr_ex.o
 .debug_loclists
                0x00000f3c      0x534 ./Drivers/STM32L4xx_HAL_Driver/Src/stm32l4xx_hal_rcc.o
 .debug_loclists
                0x00001470     0x3662 ./Drivers/STM32L4xx_HAL_Driver/Src/stm32l4xx_hal_tim.o
 .debug_loclists
                0x00004ad2     0x1784 ./Drivers/STM32L4xx_HAL_Driver/Src/stm32l4xx_hal_tim_ex.o

.debug_aranges  0x00000000      0xc10
 .debug_aranges
                0x00000000       0x40 ./Core/Src/LED.o
 .debug_aranges
                0x00000040       0x50 ./Core/Src/button.o
 .debug_aranges
                0x00000090       0x48 ./Core/Src/main.o
 .debug_aranges
                0x000000d8       0x20 ./Core/Src/scheduler.o
 .debug_aranges
                0x000000f8       0x30 ./Core/Src/stm32l4xx_hal_msp.o
 .debug_aranges
                0x00000128       0x78 ./Core/Src/stm32l4xx_it.o
 .debug_aranges
                0x000001a0       0x28 ./Core/Src/system_stm32l4xx.o
 .debug_aranges
                0x000001c8       0x38 ./Core/Src/task.o
 .debug_aranges
                0x00000200       0x20 ./Core/Startup/LED.o
 .debug_aranges
                0x00000220       0x28 ./Core/Startup/startup_stm32l476rgtx.o
 .debug_aranges
                0x00000248      0x130 ./Drivers/STM32L4xx_HAL_Driver/Src/stm32l4xx_hal.o
 .debug_aranges
                0x00000378       0xf0 ./Drivers/STM32L4xx_HAL_Driver/Src/stm32l4xx_hal_cortex.o
 .debug_aranges
                0x00000468       0x58 ./Drivers/STM32L4xx_HAL_Driver/Src/stm32l4xx_hal_gpio.o
 .debug_aranges
                0x000004c0      0x160 ./Drivers/STM32L4xx_HAL_Driver/Src/stm32l4xx_hal_pwr_ex.o
 .debug_aranges
                0x00000620       0x90 ./Drivers/STM32L4xx_HAL_Driver/Src/stm32l4xx_hal_rcc.o
 .debug_aranges
                0x000006b0      0x3e0 ./Drivers/STM32L4xx_HAL_Driver/Src/stm32l4xx_hal_tim.o
 .debug_aranges
                0x00000a90      0x180 ./Drivers/STM32L4xx_HAL_Driver/Src/stm32l4xx_hal_tim_ex.o

.debug_rnglists
                0x00000000      0x915
 .debug_rnglists
                0x00000000       0x37 ./Core/Src/LED.o
 .debug_rnglists
                0x00000037       0x37 ./Core/Src/button.o
 .debug_rnglists
                0x0000006e       0x32 ./Core/Src/main.o
 .debug_rnglists
                0x000000a0       0x13 ./Core/Src/scheduler.o
 .debug_rnglists
                0x000000b3       0x1f ./Core/Src/stm32l4xx_hal_msp.o
 .debug_rnglists
                0x000000d2       0x56 ./Core/Src/stm32l4xx_it.o
 .debug_rnglists
                0x00000128       0x1a ./Core/Src/system_stm32l4xx.o
 .debug_rnglists
                0x00000142       0x26 ./Core/Src/task.o
 .debug_rnglists
                0x00000168       0x19 ./Core/Startup/startup_stm32l476rgtx.o
 .debug_rnglists
                0x00000181       0xdf ./Drivers/STM32L4xx_HAL_Driver/Src/stm32l4xx_hal.o
 .debug_rnglists
                0x00000260       0xaf ./Drivers/STM32L4xx_HAL_Driver/Src/stm32l4xx_hal_cortex.o
 .debug_rnglists
                0x0000030f       0x3f ./Drivers/STM32L4xx_HAL_Driver/Src/stm32l4xx_hal_gpio.o
 .debug_rnglists
                0x0000034e      0x109 ./Drivers/STM32L4xx_HAL_Driver/Src/stm32l4xx_hal_pwr_ex.o
 .debug_rnglists
                0x00000457       0x7c ./Drivers/STM32L4xx_HAL_Driver/Src/stm32l4xx_hal_rcc.o
 .debug_rnglists
                0x000004d3      0x313 ./Drivers/STM32L4xx_HAL_Driver/Src/stm32l4xx_hal_tim.o
 .debug_rnglists
                0x000007e6      0x12f ./Drivers/STM32L4xx_HAL_Driver/Src/stm32l4xx_hal_tim_ex.o

.debug_macro    0x00000000    0x26658
 .debug_macro   0x00000000      0x1d8 ./Core/Src/LED.o
 .debug_macro   0x000001d8      0xab4 ./Core/Src/LED.o
 .debug_macro   0x00000c8c      0x1a1 ./Core/Src/LED.o
 .debug_macro   0x00000e2d       0x2e ./Core/Src/LED.o
 .debug_macro   0x00000e5b       0x28 ./Core/Src/LED.o
 .debug_macro   0x00000e83       0x22 ./Core/Src/LED.o
 .debug_macro   0x00000ea5       0x8e ./Core/Src/LED.o
 .debug_macro   0x00000f33       0x51 ./Core/Src/LED.o
 .debug_macro   0x00000f84      0x103 ./Core/Src/LED.o
 .debug_macro   0x00001087       0x6a ./Core/Src/LED.o
 .debug_macro   0x000010f1      0x1df ./Core/Src/LED.o
 .debug_macro   0x000012d0       0x1c ./Core/Src/LED.o
 .debug_macro   0x000012ec       0x22 ./Core/Src/LED.o
 .debug_macro   0x0000130e       0xfb ./Core/Src/LED.o
 .debug_macro   0x00001409     0x1011 ./Core/Src/LED.o
 .debug_macro   0x0000241a      0x11f ./Core/Src/LED.o
 .debug_macro   0x00002539    0x1a17a ./Core/Src/LED.o
 .debug_macro   0x0001c6b3       0x6d ./Core/Src/LED.o
 .debug_macro   0x0001c720     0x38fb ./Core/Src/LED.o
 .debug_macro   0x0002001b      0x189 ./Core/Src/LED.o
 .debug_macro   0x000201a4       0x5c ./Core/Src/LED.o
 .debug_macro   0x00020200     0x159e ./Core/Src/LED.o
 .debug_macro   0x0002179e      0x5a5 ./Core/Src/LED.o
 .debug_macro   0x00021d43      0x1b9 ./Core/Src/LED.o
 .debug_macro   0x00021efc      0x18b ./Core/Src/LED.o
 .debug_macro   0x00022087      0x26b ./Core/Src/LED.o
 .debug_macro   0x000222f2      0x23d ./Core/Src/LED.o
 .debug_macro   0x0002252f      0x241 ./Core/Src/LED.o
 .debug_macro   0x00022770      0x37c ./Core/Src/LED.o
 .debug_macro   0x00022aec       0xd6 ./Core/Src/LED.o
 .debug_macro   0x00022bc2      0x122 ./Core/Src/LED.o
 .debug_macro   0x00022ce4      0x3ef ./Core/Src/LED.o
 .debug_macro   0x000230d3      0xa98 ./Core/Src/LED.o
 .debug_macro   0x00023b6b      0x1e6 ./Core/Src/LED.o
 .debug_macro   0x00023d51      0x330 ./Core/Src/LED.o
 .debug_macro   0x00024081       0x82 ./Core/Src/LED.o
 .debug_macro   0x00024103       0x64 ./Core/Src/LED.o
 .debug_macro   0x00024167      0x282 ./Core/Src/button.o
 .debug_macro   0x000243e9       0x40 ./Core/Src/button.o
 .debug_macro   0x00024429       0x6a ./Core/Src/button.o
 .debug_macro   0x00024493       0x61 ./Core/Src/button.o
 .debug_macro   0x000244f4       0x2a ./Core/Src/button.o
 .debug_macro   0x0002451e       0x43 ./Core/Src/button.o
 .debug_macro   0x00024561       0x34 ./Core/Src/button.o
 .debug_macro   0x00024595       0x16 ./Core/Src/button.o
 .debug_macro   0x000245ab       0x43 ./Core/Src/button.o
 .debug_macro   0x000245ee       0x34 ./Core/Src/button.o
 .debug_macro   0x00024622       0x10 ./Core/Src/button.o
 .debug_macro   0x00024632       0x58 ./Core/Src/button.o
 .debug_macro   0x0002468a       0x8e ./Core/Src/button.o
 .debug_macro   0x00024718       0x1c ./Core/Src/button.o
 .debug_macro   0x00024734      0x177 ./Core/Src/button.o
 .debug_macro   0x000248ab      0x369 ./Core/Src/button.o
 .debug_macro   0x00024c14      0x19b ./Core/Src/button.o
 .debug_macro   0x00024daf      0x2c3 ./Core/Src/main.o
 .debug_macro   0x00025072       0x16 ./Core/Src/main.o
 .debug_macro   0x00025088       0x35 ./Core/Src/main.o
 .debug_macro   0x000250bd       0x10 ./Core/Src/main.o
 .debug_macro   0x000250cd       0x16 ./Core/Src/main.o
 .debug_macro   0x000250e3       0x16 ./Core/Src/main.o
 .debug_macro   0x000250f9      0x146 ./Core/Src/main.o
 .debug_macro   0x0002523f       0x46 ./Core/Src/main.o
 .debug_macro   0x00025285       0x25 ./Core/Src/scheduler.o
 .debug_macro   0x000252aa      0x1bb ./Core/Src/stm32l4xx_hal_msp.o
 .debug_macro   0x00025465      0x1d8 ./Core/Src/stm32l4xx_it.o
 .debug_macro   0x0002563d      0x1ac ./Core/Src/system_stm32l4xx.o
 .debug_macro   0x000257e9      0x1ff ./Core/Src/task.o
 .debug_macro   0x000259e8      0x1fa ./Drivers/STM32L4xx_HAL_Driver/Src/stm32l4xx_hal.o
 .debug_macro   0x00025be2      0x1ac ./Drivers/STM32L4xx_HAL_Driver/Src/stm32l4xx_hal_cortex.o
 .debug_macro   0x00025d8e      0x1b3 ./Drivers/STM32L4xx_HAL_Driver/Src/stm32l4xx_hal_gpio.o
 .debug_macro   0x00025f41      0x1d0 ./Drivers/STM32L4xx_HAL_Driver/Src/stm32l4xx_hal_pwr_ex.o
 .debug_macro   0x00026111      0x1ee ./Drivers/STM32L4xx_HAL_Driver/Src/stm32l4xx_hal_rcc.o
 .debug_macro   0x000262ff      0x1ad ./Drivers/STM32L4xx_HAL_Driver/Src/stm32l4xx_hal_tim.o
 .debug_macro   0x000264ac      0x1ac ./Drivers/STM32L4xx_HAL_Driver/Src/stm32l4xx_hal_tim_ex.o

.debug_line     0x00000000    0x1036e
 .debug_line    0x00000000      0x852 ./Core/Src/LED.o
 .debug_line    0x00000852      0x996 ./Core/Src/button.o
 .debug_line    0x000011e8      0xb4e ./Core/Src/main.o
 .debug_line    0x00001d36       0x9b ./Core/Src/scheduler.o
 .debug_line    0x00001dd1      0x784 ./Core/Src/stm32l4xx_hal_msp.o
 .debug_line    0x00002555      0x907 ./Core/Src/stm32l4xx_it.o
 .debug_line    0x00002e5c      0x81e ./Core/Src/system_stm32l4xx.o
 .debug_line    0x0000367a      0x990 ./Core/Src/task.o
 .debug_line    0x0000400a       0x87 ./Core/Startup/LED.o
 .debug_line    0x00004091       0x7a ./Core/Startup/startup_stm32l476rgtx.o
 .debug_line    0x0000410b      0xbbd ./Drivers/STM32L4xx_HAL_Driver/Src/stm32l4xx_hal.o
 .debug_line    0x00004cc8      0xd82 ./Drivers/STM32L4xx_HAL_Driver/Src/stm32l4xx_hal_cortex.o
 .debug_line    0x00005a4a      0xc54 ./Drivers/STM32L4xx_HAL_Driver/Src/stm32l4xx_hal_gpio.o
 .debug_line    0x0000669e      0xfb0 ./Drivers/STM32L4xx_HAL_Driver/Src/stm32l4xx_hal_pwr_ex.o
 .debug_line    0x0000764e     0x13fc ./Drivers/STM32L4xx_HAL_Driver/Src/stm32l4xx_hal_rcc.o
 .debug_line    0x00008a4a     0x5436 ./Drivers/STM32L4xx_HAL_Driver/Src/stm32l4xx_hal_tim.o
 .debug_line    0x0000de80     0x24ee ./Drivers/STM32L4xx_HAL_Driver/Src/stm32l4xx_hal_tim_ex.o

.debug_str      0x00000000    0xed5e5
 .debug_str     0x00000000    0xe5bf1 ./Core/Src/LED.o
                              0xe5e9b (size before relaxing)
 .debug_str     0x000e5bf1     0x3a1d ./Core/Src/button.o
                              0xe9839 (size before relaxing)
 .debug_str     0x000e960e     0x13ea ./Core/Src/main.o
                              0xea4a2 (size before relaxing)
 .debug_str     0x000ea9f8       0x65 ./Core/Src/scheduler.o
                               0x2e5c (size before relaxing)
 .debug_str     0x000eaa5d       0x76 ./Core/Src/stm32l4xx_hal_msp.o
                              0xe67bb (size before relaxing)
 .debug_str     0x000eaad3      0x174 ./Core/Src/stm32l4xx_it.o
                              0xe63a4 (size before relaxing)
 .debug_str     0x000eac47       0xfc ./Core/Src/system_stm32l4xx.o
                              0xe5c37 (size before relaxing)
 .debug_str     0x000ead43      0x18b ./Core/Src/task.o
                              0xe655d (size before relaxing)
 .debug_str     0x000eaece       0x24 ./Core/Startup/LED.o
                                 0x68 (size before relaxing)
 .debug_str     0x000eaef2       0x36 ./Core/Startup/startup_stm32l476rgtx.o
                                 0x88 (size before relaxing)
 .debug_str     0x000eaf28      0x6b1 ./Drivers/STM32L4xx_HAL_Driver/Src/stm32l4xx_hal.o
                              0xe6836 (size before relaxing)
 .debug_str     0x000eb5d9      0x355 ./Drivers/STM32L4xx_HAL_Driver/Src/stm32l4xx_hal_cortex.o
                              0xe64b0 (size before relaxing)
 .debug_str     0x000eb92e       0xc7 ./Drivers/STM32L4xx_HAL_Driver/Src/stm32l4xx_hal_gpio.o
                              0xe5db0 (size before relaxing)
 .debug_str     0x000eb9f5      0x4e3 ./Drivers/STM32L4xx_HAL_Driver/Src/stm32l4xx_hal_pwr_ex.o
                              0xe6192 (size before relaxing)
 .debug_str     0x000ebed8      0x345 ./Drivers/STM32L4xx_HAL_Driver/Src/stm32l4xx_hal_rcc.o
                              0xe627d (size before relaxing)
 .debug_str     0x000ec21d      0xe40 ./Drivers/STM32L4xx_HAL_Driver/Src/stm32l4xx_hal_tim.o
                              0xe6f77 (size before relaxing)
 .debug_str     0x000ed05d      0x588 ./Drivers/STM32L4xx_HAL_Driver/Src/stm32l4xx_hal_tim_ex.o
                              0xe688b (size before relaxing)

.comment        0x00000000       0x43
 .comment       0x00000000       0x43 ./Core/Src/LED.o
                                 0x44 (size before relaxing)
 .comment       0x00000043       0x44 ./Core/Src/button.o
 .comment       0x00000043       0x44 ./Core/Src/main.o
 .comment       0x00000043       0x44 ./Core/Src/scheduler.o
 .comment       0x00000043       0x44 ./Core/Src/stm32l4xx_hal_msp.o
 .comment       0x00000043       0x44 ./Core/Src/stm32l4xx_it.o
 .comment       0x00000043       0x44 ./Core/Src/system_stm32l4xx.o
 .comment       0x00000043       0x44 ./Core/Src/task.o
 .comment       0x00000043       0x44 ./Drivers/STM32L4xx_HAL_Driver/Src/stm32l4xx_hal.o
 .comment       0x00000043       0x44 ./Drivers/STM32L4xx_HAL_Driver/Src/stm32l4xx_hal_cortex.o
 .comment       0x00000043       0x44 ./Drivers/STM32L4xx_HAL_Driver/Src/stm32l4xx_hal_gpio.o
 .comment       0x00000043       0x44 ./Drivers/STM32L4xx_HAL_Driver/Src/stm32l4xx_hal_pwr_ex.o
 .comment       0x00000043       0x44 ./Drivers/STM32L4xx_HAL_Driver/Src/stm32l4xx_hal_rcc.o
 .comment       0x00000043       0x44 ./Drivers/STM32L4xx_HAL_Driver/Src/stm32l4xx_hal_tim.o
 .comment       0x00000043       0x44 ./Drivers/STM32L4xx_HAL_Driver/Src/stm32l4xx_hal_tim_ex.o

.debug_frame    0x00000000     0x1d78
 .debug_frame   0x00000000       0x70 ./Core/Src/LED.o
 .debug_frame   0x00000070       0x90 ./Core/Src/button.o
 .debug_frame   0x00000100       0xb8 ./Core/Src/main.o
 .debug_frame   0x000001b8       0x28 ./Core/Src/scheduler.o
 .debug_frame   0x000001e0       0x58 ./Core/Src/stm32l4xx_hal_msp.o
 .debug_frame   0x00000238       0xf0 ./Core/Src/stm32l4xx_it.o
 .debug_frame   0x00000328       0x30 ./Core/Src/system_stm32l4xx.o
 .debug_frame   0x00000358       0x74 ./Core/Src/task.o
 .debug_frame   0x000003cc      0x274 ./Drivers/STM32L4xx_HAL_Driver/Src/stm32l4xx_hal.o
 .debug_frame   0x00000640      0x204 ./Drivers/STM32L4xx_HAL_Driver/Src/stm32l4xx_hal_cortex.o
 .debug_frame   0x00000844       0xd0 ./Drivers/STM32L4xx_HAL_Driver/Src/stm32l4xx_hal_gpio.o
 .debug_frame   0x00000914      0x2b8 ./Drivers/STM32L4xx_HAL_Driver/Src/stm32l4xx_hal_pwr_ex.o
 .debug_frame   0x00000bcc      0x19c ./Drivers/STM32L4xx_HAL_Driver/Src/stm32l4xx_hal_rcc.o
 .debug_frame   0x00000d68      0xb54 ./Drivers/STM32L4xx_HAL_Driver/Src/stm32l4xx_hal_tim.o
 .debug_frame   0x000018bc      0x470 ./Drivers/STM32L4xx_HAL_Driver/Src/stm32l4xx_hal_tim_ex.o
 .debug_frame   0x00001d2c       0x20 C:/ST/STM32CubeIDE_1.16.0/STM32CubeIDE/plugins/com.st.stm32cube.ide.mcu.externaltools.gnu-tools-for-stm32.12.3.rel1.win32_1.0.200.202406191623/tools/bin/../lib/gcc/arm-none-eabi/12.3.1/../../../../arm-none-eabi/lib/thumb/v7e-m+fp/hard\libc_nano.a(libc_a-memset.o)
 .debug_frame   0x00001d4c       0x2c C:/ST/STM32CubeIDE_1.16.0/STM32CubeIDE/plugins/com.st.stm32cube.ide.mcu.externaltools.gnu-tools-for-stm32.12.3.rel1.win32_1.0.200.202406191623/tools/bin/../lib/gcc/arm-none-eabi/12.3.1/../../../../arm-none-eabi/lib/thumb/v7e-m+fp/hard\libc_nano.a(libc_a-init.o)

.debug_line_str
                0x00000000       0x72
 .debug_line_str
                0x00000000       0x5a ./Core/Startup/LED.o
 .debug_line_str
                0x0000005a       0x18 ./Core/Startup/startup_stm32l476rgtx.o
                                 0x6c (size before relaxing)
