EN disp4x7segrefcomp NULL D:/Utilisateurs/lizafade50/Exemples/FINAL-AccNumGuitare_FADE_CHEIKH-SIDIYA/Disp4x7SegRefComp.vhd sub00/vhpl04 1774965480
AR div_082hz behavioral D:/Utilisateurs/lizafade50/Exemples/FINAL-AccNumGuitare_FADE_CHEIKH-SIDIYA/Div_082Hz.vhd sub00/vhpl23 1774965485
EN choixnote NULL D:/Utilisateurs/lizafade50/Exemples/FINAL-AccNumGuitare_FADE_CHEIKH-SIDIYA/ChoixNote.vhd sub00/vhpl00 1774965478
EN div_329hz NULL D:/Utilisateurs/lizafade50/Exemples/FINAL-AccNumGuitare_FADE_CHEIKH-SIDIYA/Div_329Hz.vhd sub00/vhpl16 1774965494
EN freqrefdiviseur NULL D:/Utilisateurs/lizafade50/Exemples/FINAL-AccNumGuitare_FADE_CHEIKH-SIDIYA/FreqRefDiviseur.vhd sub00/vhpl02 1765889893
AR div_82hz behavioral D:/Utilisateurs/lizafade50/Exemples/FINAL-AccNumGuitare_FADE_CHEIKH-SIDIYA/Div_082Hz.vhd sub00/vhpl11 1765892975
AR sequenceur behavioral D:/Utilisateurs/lizafade50/Exemples/FINAL-AccNumGuitare_FADE_CHEIKH-SIDIYA/Sequenceur.vhd sub00/vhpl13 1774965483
EN div_82hz NULL D:/Utilisateurs/lizafade50/Exemples/FINAL-AccNumGuitare_FADE_CHEIKH-SIDIYA/Div_082Hz.vhd sub00/vhpl10 1765892974
EN diviseur_329hz NULL D:/Utilisateurs/lizafade50/Exemples/FINAL-AccNumGuitare_FADE_CHEIKH-SIDIYA/329Hz_Diviseur.vhd sub00/vhpl06 1765892049
AR compteurreversible behavioral D:/Utilisateurs/lizafade50/Exemples/FINAL-AccNumGuitare_FADE_CHEIKH-SIDIYA/CompteurReversible.vhd sub00/vhpl21 1774965497
EN div_082hz NULL D:/Utilisateurs/lizafade50/Exemples/FINAL-AccNumGuitare_FADE_CHEIKH-SIDIYA/Div_082Hz.vhd sub00/vhpl22 1774965484
EN compteurreversible NULL D:/Utilisateurs/lizafade50/Exemples/FINAL-AccNumGuitare_FADE_CHEIKH-SIDIYA/CompteurReversible.vhd sub00/vhpl20 1774965496
AR freqrefdiviseur behavioral D:/Utilisateurs/lizafade50/Exemples/FINAL-AccNumGuitare_FADE_CHEIKH-SIDIYA/FreqRefDiviseur.vhd sub00/vhpl03 1765889894
AR diviseur_329hz behavioral D:/Utilisateurs/lizafade50/Exemples/FINAL-AccNumGuitare_FADE_CHEIKH-SIDIYA/329Hz_Diviseur.vhd sub00/vhpl07 1765892050
AR registreparallele behavioral D:/Utilisateurs/lizafade50/Exemples/FINAL-AccNumGuitare_FADE_CHEIKH-SIDIYA/RegistreParallele.vhd sub00/vhpl15 1774965501
AR bus_signe_avec_pourcent behavioral D:/Utilisateurs/lizafade50/Exemples/FINAL-AccNumGuitare_FADE_CHEIKH-SIDIYA/Bus_Signe_AVEC_Pourcent.vhd sub00/vhpl31 1774965499
AR endproduct behavioral D:/Utilisateurs/lizafade50/Exemples/FINAL-AccNumGuitare_FADE_CHEIKH-SIDIYA/EndProduct.vhf sub00/vhpl33 1774965505
EN div_146hz NULL D:/Utilisateurs/lizafade50/Exemples/FINAL-AccNumGuitare_FADE_CHEIKH-SIDIYA/Div_146Hz.vhd sub00/vhpl24 1774965488
EN sequenceur NULL D:/Utilisateurs/lizafade50/Exemples/FINAL-AccNumGuitare_FADE_CHEIKH-SIDIYA/Sequenceur.vhd sub00/vhpl12 1774965482
EN endproduct NULL D:/Utilisateurs/lizafade50/Exemples/FINAL-AccNumGuitare_FADE_CHEIKH-SIDIYA/EndProduct.vhf sub00/vhpl32 1774965504
EN registreparallele NULL D:/Utilisateurs/lizafade50/Exemples/FINAL-AccNumGuitare_FADE_CHEIKH-SIDIYA/RegistreParallele.vhd sub00/vhpl14 1774965500
EN diviseur NULL D:/Utilisateurs/lizafade50/Exemples/FINAL-AccNumGuitare_FADE_CHEIKH-SIDIYA/Diviseur.vhd sub00/vhpl28 1774965502
AR disp4x7segrefcomp behavioral D:/Utilisateurs/lizafade50/Exemples/FINAL-AccNumGuitare_FADE_CHEIKH-SIDIYA/Disp4x7SegRefComp.vhd sub00/vhpl05 1774965481
EN div_196hz NULL D:/Utilisateurs/lizafade50/Exemples/FINAL-AccNumGuitare_FADE_CHEIKH-SIDIYA/Div_196Hz.vhd sub00/vhpl18 1774965490
EN div_246hz NULL D:/Utilisateurs/lizafade50/Exemples/FINAL-AccNumGuitare_FADE_CHEIKH-SIDIYA/Div_246Hz.vhd sub00/vhpl26 1774965492
EN bus_signe_avec_pourcent NULL D:/Utilisateurs/lizafade50/Exemples/FINAL-AccNumGuitare_FADE_CHEIKH-SIDIYA/Bus_Signe_AVEC_Pourcent.vhd sub00/vhpl30 1774965498
AR diviseur behavioral D:/Utilisateurs/lizafade50/Exemples/FINAL-AccNumGuitare_FADE_CHEIKH-SIDIYA/Diviseur.vhd sub00/vhpl29 1774965503
EN div_110hz NULL D:/Utilisateurs/lizafade50/Exemples/FINAL-AccNumGuitare_FADE_CHEIKH-SIDIYA/Div_110Hz.vhd sub00/vhpl08 1774965486
AR div_196hz behavioral D:/Utilisateurs/lizafade50/Exemples/FINAL-AccNumGuitare_FADE_CHEIKH-SIDIYA/Div_196Hz.vhd sub00/vhpl19 1774965491
AR div_246hz behavioral D:/Utilisateurs/lizafade50/Exemples/FINAL-AccNumGuitare_FADE_CHEIKH-SIDIYA/Div_246Hz.vhd sub00/vhpl27 1774965493
AR div_110hz behavioral D:/Utilisateurs/lizafade50/Exemples/FINAL-AccNumGuitare_FADE_CHEIKH-SIDIYA/Div_110Hz.vhd sub00/vhpl09 1774965487
AR div_146hz behavioral D:/Utilisateurs/lizafade50/Exemples/FINAL-AccNumGuitare_FADE_CHEIKH-SIDIYA/Div_146Hz.vhd sub00/vhpl25 1774965489
AR div_329hz behavioral D:/Utilisateurs/lizafade50/Exemples/FINAL-AccNumGuitare_FADE_CHEIKH-SIDIYA/Div_329Hz.vhd sub00/vhpl17 1774965495
AR choixnote behavioral D:/Utilisateurs/lizafade50/Exemples/FINAL-AccNumGuitare_FADE_CHEIKH-SIDIYA/ChoixNote.vhd sub00/vhpl01 1774965479
