V3 66
FL D:/Utilisateurs/lizafade50/Exemples/FINAL-AccNumGuitare_FADE_CHEIKH-SIDIYA/196Hz_Diviseur.vhd 2025/12/16.14:28:00 J.40
EN work/Hz_Diviseur 0 \
      FL D:/Utilisateurs/lizafade50/Exemples/FINAL-AccNumGuitare_FADE_CHEIKH-SIDIYA/196Hz_Diviseur.vhd \
      PB ieee/std_logic_1164 1192821031 PB ieee/std_logic_arith 1192821032 \
      PB ieee/STD_LOGIC_UNSIGNED 1192821033
AR work/Hz_Diviseur/Behavioral 0 \
      FL D:/Utilisateurs/lizafade50/Exemples/FINAL-AccNumGuitare_FADE_CHEIKH-SIDIYA/196Hz_Diviseur.vhd \
      EN work/Hz_Diviseur 0
FL D:/Utilisateurs/lizafade50/Exemples/FINAL-AccNumGuitare_FADE_CHEIKH-SIDIYA/329Hz_Diviseur.vhd 2025/12/16.14:32:54 J.40
EN work/Diviseur_329Hz 1765892049 \
      FL D:/Utilisateurs/lizafade50/Exemples/FINAL-AccNumGuitare_FADE_CHEIKH-SIDIYA/329Hz_Diviseur.vhd \
      PB ieee/std_logic_1164 1192821031 PB ieee/std_logic_arith 1192821032 \
      PB ieee/STD_LOGIC_UNSIGNED 1192821033
AR work/Diviseur_329Hz/Behavioral 1765892050 \
      FL D:/Utilisateurs/lizafade50/Exemples/FINAL-AccNumGuitare_FADE_CHEIKH-SIDIYA/329Hz_Diviseur.vhd \
      EN work/Diviseur_329Hz 1765892049
FL D:/Utilisateurs/lizafade50/Exemples/FINAL-AccNumGuitare_FADE_CHEIKH-SIDIYA/Bus_Signe_AVEC_Pourcent.vhd 2025/12/16.16:38:10 J.40
EN work/Bus_Signe_AVEC_Pourcent 1774965498 \
      FL D:/Utilisateurs/lizafade50/Exemples/FINAL-AccNumGuitare_FADE_CHEIKH-SIDIYA/Bus_Signe_AVEC_Pourcent.vhd \
      PB ieee/std_logic_1164 1192821031 PB ieee/std_logic_arith 1192821032 \
      PB ieee/STD_LOGIC_UNSIGNED 1192821033
AR work/Bus_Signe_AVEC_Pourcent/Behavioral 1774965499 \
      FL D:/Utilisateurs/lizafade50/Exemples/FINAL-AccNumGuitare_FADE_CHEIKH-SIDIYA/Bus_Signe_AVEC_Pourcent.vhd \
      EN work/Bus_Signe_AVEC_Pourcent 1774965498
FL D:/Utilisateurs/lizafade50/Exemples/FINAL-AccNumGuitare_FADE_CHEIKH-SIDIYA/ChoixNote.vhd 2025/12/16.19:02:26 J.40
EN work/ChoixNote 1774965478 \
      FL D:/Utilisateurs/lizafade50/Exemples/FINAL-AccNumGuitare_FADE_CHEIKH-SIDIYA/ChoixNote.vhd \
      PB ieee/std_logic_1164 1192821031 PB ieee/std_logic_arith 1192821032 \
      PB ieee/STD_LOGIC_UNSIGNED 1192821033
AR work/ChoixNote/Behavioral 1774965479 \
      FL D:/Utilisateurs/lizafade50/Exemples/FINAL-AccNumGuitare_FADE_CHEIKH-SIDIYA/ChoixNote.vhd \
      EN work/ChoixNote 1774965478
FL D:/Utilisateurs/lizafade50/Exemples/FINAL-AccNumGuitare_FADE_CHEIKH-SIDIYA/CompteurReversible.vhd 2025/12/16.16:00:14 J.40
EN work/CompteurReversible 1774965496 \
      FL D:/Utilisateurs/lizafade50/Exemples/FINAL-AccNumGuitare_FADE_CHEIKH-SIDIYA/CompteurReversible.vhd \
      PB ieee/std_logic_1164 1192821031 PB ieee/std_logic_arith 1192821032 \
      PB ieee/STD_LOGIC_UNSIGNED 1192821033 PH ieee/NUMERIC_STD 1192821033
AR work/CompteurReversible/Behavioral 1774965497 \
      FL D:/Utilisateurs/lizafade50/Exemples/FINAL-AccNumGuitare_FADE_CHEIKH-SIDIYA/CompteurReversible.vhd \
      EN work/CompteurReversible 1774965496
FL D:/Utilisateurs/lizafade50/Exemples/FINAL-AccNumGuitare_FADE_CHEIKH-SIDIYA/Disp4x7SegRefComp.vhd 2025/12/16.16:44:56 J.40
EN work/Disp4x7SegRefComp 1774965480 \
      FL D:/Utilisateurs/lizafade50/Exemples/FINAL-AccNumGuitare_FADE_CHEIKH-SIDIYA/Disp4x7SegRefComp.vhd \
      PB ieee/std_logic_1164 1192821031 PB ieee/std_logic_arith 1192821032 \
      PB ieee/STD_LOGIC_UNSIGNED 1192821033
AR work/Disp4x7SegRefComp/Behavioral 1774965481 \
      FL D:/Utilisateurs/lizafade50/Exemples/FINAL-AccNumGuitare_FADE_CHEIKH-SIDIYA/Disp4x7SegRefComp.vhd \
      EN work/Disp4x7SegRefComp 1774965480
FL D:/Utilisateurs/lizafade50/Exemples/FINAL-AccNumGuitare_FADE_CHEIKH-SIDIYA/Diviseur.vhd 2025/12/16.18:36:54 J.40
EN work/Diviseur 1774965502 \
      FL D:/Utilisateurs/lizafade50/Exemples/FINAL-AccNumGuitare_FADE_CHEIKH-SIDIYA/Diviseur.vhd \
      PH ieee/NUMERIC_STD 1192821033 PB ieee/std_logic_1164 1192821031 \
      PB ieee/std_logic_arith 1192821032 PB ieee/STD_LOGIC_UNSIGNED 1192821033
AR work/Diviseur/Behavioral 1774965503 \
      FL D:/Utilisateurs/lizafade50/Exemples/FINAL-AccNumGuitare_FADE_CHEIKH-SIDIYA/Diviseur.vhd \
      EN work/Diviseur 1774965502
FL D:/Utilisateurs/lizafade50/Exemples/FINAL-AccNumGuitare_FADE_CHEIKH-SIDIYA/Div_082Hz.vhd 2025/12/16.17:15:10 J.40
EN work/Div_082Hz 1774965484 \
      FL D:/Utilisateurs/lizafade50/Exemples/FINAL-AccNumGuitare_FADE_CHEIKH-SIDIYA/Div_082Hz.vhd \
      PB ieee/std_logic_1164 1192821031 PB ieee/std_logic_arith 1192821032 \
      PB ieee/STD_LOGIC_UNSIGNED 1192821033
AR work/Div_082Hz/Behavioral 1774965485 \
      FL D:/Utilisateurs/lizafade50/Exemples/FINAL-AccNumGuitare_FADE_CHEIKH-SIDIYA/Div_082Hz.vhd \
      EN work/Div_082Hz 1774965484
FL D:/Utilisateurs/lizafade50/Exemples/FINAL-AccNumGuitare_FADE_CHEIKH-SIDIYA/Div_110Hz.vhd 2025/12/16.17:15:06 J.40
EN work/Div_110Hz 1774965486 \
      FL D:/Utilisateurs/lizafade50/Exemples/FINAL-AccNumGuitare_FADE_CHEIKH-SIDIYA/Div_110Hz.vhd \
      PB ieee/std_logic_1164 1192821031 PB ieee/std_logic_arith 1192821032 \
      PB ieee/STD_LOGIC_UNSIGNED 1192821033
AR work/Div_110Hz/Behavioral 1774965487 \
      FL D:/Utilisateurs/lizafade50/Exemples/FINAL-AccNumGuitare_FADE_CHEIKH-SIDIYA/Div_110Hz.vhd \
      EN work/Div_110Hz 1774965486
FL D:/Utilisateurs/lizafade50/Exemples/FINAL-AccNumGuitare_FADE_CHEIKH-SIDIYA/Div_146Hz.vhd 2025/12/16.17:15:00 J.40
EN work/Div_146Hz 1774965488 \
      FL D:/Utilisateurs/lizafade50/Exemples/FINAL-AccNumGuitare_FADE_CHEIKH-SIDIYA/Div_146Hz.vhd \
      PB ieee/std_logic_1164 1192821031 PB ieee/std_logic_arith 1192821032 \
      PB ieee/STD_LOGIC_UNSIGNED 1192821033
AR work/Div_146Hz/Behavioral 1774965489 \
      FL D:/Utilisateurs/lizafade50/Exemples/FINAL-AccNumGuitare_FADE_CHEIKH-SIDIYA/Div_146Hz.vhd \
      EN work/Div_146Hz 1774965488
FL D:/Utilisateurs/lizafade50/Exemples/FINAL-AccNumGuitare_FADE_CHEIKH-SIDIYA/Div_196Hz.vhd 2025/12/16.17:14:56 J.40
EN work/Div_196Hz 1774965490 \
      FL D:/Utilisateurs/lizafade50/Exemples/FINAL-AccNumGuitare_FADE_CHEIKH-SIDIYA/Div_196Hz.vhd \
      PB ieee/std_logic_1164 1192821031 PB ieee/std_logic_arith 1192821032 \
      PB ieee/STD_LOGIC_UNSIGNED 1192821033
AR work/Div_196Hz/Behavioral 1774965491 \
      FL D:/Utilisateurs/lizafade50/Exemples/FINAL-AccNumGuitare_FADE_CHEIKH-SIDIYA/Div_196Hz.vhd \
      EN work/Div_196Hz 1774965490
FL D:/Utilisateurs/lizafade50/Exemples/FINAL-AccNumGuitare_FADE_CHEIKH-SIDIYA/Div_246Hz.vhd 2025/12/16.17:14:50 J.40
EN work/Div_246Hz 1774965492 \
      FL D:/Utilisateurs/lizafade50/Exemples/FINAL-AccNumGuitare_FADE_CHEIKH-SIDIYA/Div_246Hz.vhd \
      PB ieee/std_logic_1164 1192821031 PB ieee/std_logic_arith 1192821032 \
      PB ieee/STD_LOGIC_UNSIGNED 1192821033
AR work/Div_246Hz/Behavioral 1774965493 \
      FL D:/Utilisateurs/lizafade50/Exemples/FINAL-AccNumGuitare_FADE_CHEIKH-SIDIYA/Div_246Hz.vhd \
      EN work/Div_246Hz 1774965492
FL D:/Utilisateurs/lizafade50/Exemples/FINAL-AccNumGuitare_FADE_CHEIKH-SIDIYA/Div_329Hz.vhd 2025/12/16.17:14:44 J.40
EN work/Div_329Hz 1774965494 \
      FL D:/Utilisateurs/lizafade50/Exemples/FINAL-AccNumGuitare_FADE_CHEIKH-SIDIYA/Div_329Hz.vhd \
      PB ieee/std_logic_1164 1192821031 PB ieee/std_logic_arith 1192821032 \
      PB ieee/STD_LOGIC_UNSIGNED 1192821033
AR work/Div_329Hz/Behavioral 1774965495 \
      FL D:/Utilisateurs/lizafade50/Exemples/FINAL-AccNumGuitare_FADE_CHEIKH-SIDIYA/Div_329Hz.vhd \
      EN work/Div_329Hz 1774965494
FL D:/Utilisateurs/lizafade50/Exemples/FINAL-AccNumGuitare_FADE_CHEIKH-SIDIYA/EndProduct.vhd 2026/03/31.14:12:20 J.40
FL D:/Utilisateurs/lizafade50/Exemples/FINAL-AccNumGuitare_FADE_CHEIKH-SIDIYA/EndProduct.vhf 2026/03/31.14:12:20 J.40
EN work/EndProduct 1774965504 \
      FL D:/Utilisateurs/lizafade50/Exemples/FINAL-AccNumGuitare_FADE_CHEIKH-SIDIYA/EndProduct.vhf \
      PB ieee/std_logic_1164 1192821031 PH ieee/NUMERIC_STD 1192821033 LB UNISIM \
      PH unisim/VCOMPONENTS 1194566982
AR work/EndProduct/BEHAVIORAL 1774965505 \
      FL D:/Utilisateurs/lizafade50/Exemples/FINAL-AccNumGuitare_FADE_CHEIKH-SIDIYA/EndProduct.vhf \
      EN work/EndProduct 1774965504 CP ChoixNote CP Disp4x7SegRefComp CP Sequenceur \
      CP Div_082Hz CP Div_110Hz CP Div_146Hz CP Div_196Hz CP Div_246Hz CP Div_329Hz \
      CP CompteurReversible CP Bus_Signe_AVEC_Pourcent CP RegistreParallele \
      CP Diviseur
FL D:/Utilisateurs/lizafade50/Exemples/FINAL-AccNumGuitare_FADE_CHEIKH-SIDIYA/FreqRefDiviseur.vhd 2025/12/16.13:57:42 J.40
EN work/FreqRefDiviseur 1765889893 \
      FL D:/Utilisateurs/lizafade50/Exemples/FINAL-AccNumGuitare_FADE_CHEIKH-SIDIYA/FreqRefDiviseur.vhd \
      PB ieee/std_logic_1164 1192821031 PB ieee/std_logic_arith 1192821032 \
      PB ieee/STD_LOGIC_UNSIGNED 1192821033
AR work/FreqRefDiviseur/Behavioral 1765889894 \
      FL D:/Utilisateurs/lizafade50/Exemples/FINAL-AccNumGuitare_FADE_CHEIKH-SIDIYA/FreqRefDiviseur.vhd \
      EN work/FreqRefDiviseur 1765889893
FL D:/Utilisateurs/lizafade50/Exemples/FINAL-AccNumGuitare_FADE_CHEIKH-SIDIYA/RegistreParallele.vhd 2025/12/16.17:49:04 J.40
EN work/RegistreParallele 1774965500 \
      FL D:/Utilisateurs/lizafade50/Exemples/FINAL-AccNumGuitare_FADE_CHEIKH-SIDIYA/RegistreParallele.vhd \
      PB ieee/std_logic_1164 1192821031 PB ieee/std_logic_arith 1192821032 \
      PB ieee/STD_LOGIC_UNSIGNED 1192821033
AR work/RegistreParallele/Behavioral 1774965501 \
      FL D:/Utilisateurs/lizafade50/Exemples/FINAL-AccNumGuitare_FADE_CHEIKH-SIDIYA/RegistreParallele.vhd \
      EN work/RegistreParallele 1774965500
FL D:/Utilisateurs/lizafade50/Exemples/FINAL-AccNumGuitare_FADE_CHEIKH-SIDIYA/Sequenceur.vhd 2025/12/16.16:02:42 J.40
EN work/Sequenceur 1774965482 \
      FL D:/Utilisateurs/lizafade50/Exemples/FINAL-AccNumGuitare_FADE_CHEIKH-SIDIYA/Sequenceur.vhd \
      PB ieee/std_logic_1164 1192821031 PB ieee/std_logic_arith 1192821032 \
      PB ieee/STD_LOGIC_UNSIGNED 1192821033
AR work/Sequenceur/Behavioral 1774965483 \
      FL D:/Utilisateurs/lizafade50/Exemples/FINAL-AccNumGuitare_FADE_CHEIKH-SIDIYA/Sequenceur.vhd \
      EN work/Sequenceur 1774965482
