AR div_082hz behavioral D:/Utilisateurs/lizafade50/Exemples/LCDScreen_With_FINAL/Div_082Hz.vhd sub00/vhpl13 1775842681
EN choixnote NULL D:/Utilisateurs/lizafade50/Exemples/LCDScreen_With_FINAL/ChoixNote.vhd sub00/vhpl08 1775842676
AR data_converter rtl D:/Utilisateurs/lizafade50/Exemples/LCDScreen_With_FINAL/Data_Conversion_complete.vhd sub00/vhpl01 1775842703
EN div_329hz NULL D:/Utilisateurs/lizafade50/Exemples/LCDScreen_With_FINAL/Div_329Hz.vhd sub00/vhpl22 1775842690
AR sequenceur behavioral D:/Utilisateurs/lizafade50/Exemples/LCDScreen_With_FINAL/Sequenceur.vhd sub00/vhpl11 1775842679
AR compteurreversible behavioral D:/Utilisateurs/lizafade50/Exemples/LCDScreen_With_FINAL/CompteurReversible.vhd sub00/vhpl07 1775842693
EN div_082hz NULL D:/Utilisateurs/lizafade50/Exemples/LCDScreen_With_FINAL/Div_082Hz.vhd sub00/vhpl12 1775842680
EN compteurreversible NULL D:/Utilisateurs/lizafade50/Exemples/LCDScreen_With_FINAL/CompteurReversible.vhd sub00/vhpl06 1775842692
AR registreparallele behavioral D:/Utilisateurs/lizafade50/Exemples/LCDScreen_With_FINAL/RegistreParallele.vhd sub00/vhpl27 1775842697
AR bus_signe_avec_pourcent behavioral D:/Utilisateurs/lizafade50/Exemples/LCDScreen_With_FINAL/Bus_Signe_AVEC_Pourcent.vhd sub00/vhpl25 1775842695
AR endproduct behavioral D:/Utilisateurs/lizafade50/Exemples/LCDScreen_With_FINAL/EndProduct.vhf sub00/vhpl31 1775842707
EN div_146hz NULL D:/Utilisateurs/lizafade50/Exemples/LCDScreen_With_FINAL/Div_146Hz.vhd sub00/vhpl16 1775842684
EN sequenceur NULL D:/Utilisateurs/lizafade50/Exemples/LCDScreen_With_FINAL/Sequenceur.vhd sub00/vhpl10 1775842678
AR sending_data rtl D:/Utilisateurs/lizafade50/Exemples/LCDScreen_With_FINAL/Sending_data_corr.vhd sub00/vhpl05 1775842705
EN endproduct NULL D:/Utilisateurs/lizafade50/Exemples/LCDScreen_With_FINAL/EndProduct.vhf sub00/vhpl30 1775842706
EN registreparallele NULL D:/Utilisateurs/lizafade50/Exemples/LCDScreen_With_FINAL/RegistreParallele.vhd sub00/vhpl26 1775842696
EN diviseur NULL D:/Utilisateurs/lizafade50/Exemples/LCDScreen_With_FINAL/Diviseur.vhd sub00/vhpl28 1775842698
EN sending_data NULL D:/Utilisateurs/lizafade50/Exemples/LCDScreen_With_FINAL/Sending_data_corr.vhd sub00/vhpl04 1775842704
AR data_sequenceur rtl D:/Utilisateurs/lizafade50/Exemples/LCDScreen_With_FINAL/Data_Sequencer.vhd sub00/vhpl03 1775842701
EN bus_signe_avec_pourcent NULL D:/Utilisateurs/lizafade50/Exemples/LCDScreen_With_FINAL/Bus_Signe_AVEC_Pourcent.vhd sub00/vhpl24 1775842694
EN div_246hz NULL D:/Utilisateurs/lizafade50/Exemples/LCDScreen_With_FINAL/Div_246Hz.vhd sub00/vhpl20 1775842688
EN div_196hz NULL D:/Utilisateurs/lizafade50/Exemples/LCDScreen_With_FINAL/Div_196Hz.vhd sub00/vhpl18 1775842686
AR diviseur behavioral D:/Utilisateurs/lizafade50/Exemples/LCDScreen_With_FINAL/Diviseur.vhd sub00/vhpl29 1775842699
EN div_110hz NULL D:/Utilisateurs/lizafade50/Exemples/LCDScreen_With_FINAL/Div_110Hz.vhd sub00/vhpl14 1775842682
AR div_246hz behavioral D:/Utilisateurs/lizafade50/Exemples/LCDScreen_With_FINAL/Div_246Hz.vhd sub00/vhpl21 1775842689
AR div_196hz behavioral D:/Utilisateurs/lizafade50/Exemples/LCDScreen_With_FINAL/Div_196Hz.vhd sub00/vhpl19 1775842687
EN data_converter NULL D:/Utilisateurs/lizafade50/Exemples/LCDScreen_With_FINAL/Data_Conversion_complete.vhd sub00/vhpl00 1775842702
AR div_110hz behavioral D:/Utilisateurs/lizafade50/Exemples/LCDScreen_With_FINAL/Div_110Hz.vhd sub00/vhpl15 1775842683
AR div_146hz behavioral D:/Utilisateurs/lizafade50/Exemples/LCDScreen_With_FINAL/Div_146Hz.vhd sub00/vhpl17 1775842685
AR div_329hz behavioral D:/Utilisateurs/lizafade50/Exemples/LCDScreen_With_FINAL/Div_329Hz.vhd sub00/vhpl23 1775842691
EN data_sequenceur NULL D:/Utilisateurs/lizafade50/Exemples/LCDScreen_With_FINAL/Data_Sequencer.vhd sub00/vhpl02 1775842700
AR choixnote behavioral D:/Utilisateurs/lizafade50/Exemples/LCDScreen_With_FINAL/ChoixNote.vhd sub00/vhpl09 1775842677
