V3 72
FL //galactus/users/lizafade50/Téléchargements/Code_from_MODELSIM/Data_Conversion.vhd 2026/04/09.17:33:52 J.40
FL //galactus/users/lizafade50/Téléchargements/Code_from_MODELSIM/Data_Sequencer.vhd 2026/04/09.17:33:42 J.40
FL //galactus/users/lizafade50/Téléchargements/Code_from_MODELSIM/Sending_data.vhd 2026/04/09.17:33:30 J.40
FL //galactus/users/lizafade50/Téléchargements/Sending_data_corr/Sending_data_corr.vhd 2026/04/10.18:38:33 J.40
FL D:/Utilisateurs/lizafade50/Exemples/LCDScreen_With_FINAL/Bus_Signe_AVEC_Pourcent.vhd 2025/12/16.16:38:10 J.40
EN work/Bus_Signe_AVEC_Pourcent 1775842694 \
      FL D:/Utilisateurs/lizafade50/Exemples/LCDScreen_With_FINAL/Bus_Signe_AVEC_Pourcent.vhd \
      PB ieee/std_logic_1164 1192821031 PB ieee/std_logic_arith 1192821032 \
      PB ieee/STD_LOGIC_UNSIGNED 1192821033
AR work/Bus_Signe_AVEC_Pourcent/Behavioral 1775842695 \
      FL D:/Utilisateurs/lizafade50/Exemples/LCDScreen_With_FINAL/Bus_Signe_AVEC_Pourcent.vhd \
      EN work/Bus_Signe_AVEC_Pourcent 1775842694
FL D:/Utilisateurs/lizafade50/Exemples/LCDScreen_With_FINAL/ChoixNote.vhd 2025/12/16.19:02:26 J.40
EN work/ChoixNote 1775842676 \
      FL D:/Utilisateurs/lizafade50/Exemples/LCDScreen_With_FINAL/ChoixNote.vhd \
      PB ieee/std_logic_1164 1192821031 PB ieee/std_logic_arith 1192821032 \
      PB ieee/STD_LOGIC_UNSIGNED 1192821033
AR work/ChoixNote/Behavioral 1775842677 \
      FL D:/Utilisateurs/lizafade50/Exemples/LCDScreen_With_FINAL/ChoixNote.vhd \
      EN work/ChoixNote 1775842676
FL D:/Utilisateurs/lizafade50/Exemples/LCDScreen_With_FINAL/CompteurReversible.vhd 2026/04/09.17:57:32 J.40
EN work/CompteurReversible 1775842692 \
      FL D:/Utilisateurs/lizafade50/Exemples/LCDScreen_With_FINAL/CompteurReversible.vhd \
      PB ieee/std_logic_1164 1192821031 PB ieee/std_logic_arith 1192821032 \
      PB ieee/STD_LOGIC_UNSIGNED 1192821033 PH ieee/NUMERIC_STD 1192821033
AR work/CompteurReversible/Behavioral 1775842693 \
      FL D:/Utilisateurs/lizafade50/Exemples/LCDScreen_With_FINAL/CompteurReversible.vhd \
      EN work/CompteurReversible 1775842692
FL D:/Utilisateurs/lizafade50/Exemples/LCDScreen_With_FINAL/Data_Conversion.vhd 2026/04/09.17:33:52 J.40
FL D:/Utilisateurs/lizafade50/Exemples/LCDScreen_With_FINAL/Data_Conversion_complete.vhd 2026/04/09.19:13:30 J.40
EN work/Data_Converter 1775842702 \
      FL D:/Utilisateurs/lizafade50/Exemples/LCDScreen_With_FINAL/Data_Conversion_complete.vhd \
      PB ieee/std_logic_1164 1192821031 PH ieee/NUMERIC_STD 1192821033
AR work/Data_Converter/rtl 1775842703 \
      FL D:/Utilisateurs/lizafade50/Exemples/LCDScreen_With_FINAL/Data_Conversion_complete.vhd \
      EN work/Data_Converter 1775842702
FL D:/Utilisateurs/lizafade50/Exemples/LCDScreen_With_FINAL/Data_Sequencer.vhd 2026/04/10.18:28:14 J.40
EN work/Data_Sequenceur 1775842700 \
      FL D:/Utilisateurs/lizafade50/Exemples/LCDScreen_With_FINAL/Data_Sequencer.vhd \
      PB ieee/std_logic_1164 1192821031 PH ieee/NUMERIC_STD 1192821033
AR work/Data_Sequenceur/rtl 1775842701 \
      FL D:/Utilisateurs/lizafade50/Exemples/LCDScreen_With_FINAL/Data_Sequencer.vhd \
      EN work/Data_Sequenceur 1775842700
FL D:/Utilisateurs/lizafade50/Exemples/LCDScreen_With_FINAL/Diviseur.vhd 2025/12/16.18:36:54 J.40
EN work/Diviseur 1775842698 \
      FL D:/Utilisateurs/lizafade50/Exemples/LCDScreen_With_FINAL/Diviseur.vhd \
      PH ieee/NUMERIC_STD 1192821033 PB ieee/std_logic_1164 1192821031 \
      PB ieee/std_logic_arith 1192821032 PB ieee/STD_LOGIC_UNSIGNED 1192821033
AR work/Diviseur/Behavioral 1775842699 \
      FL D:/Utilisateurs/lizafade50/Exemples/LCDScreen_With_FINAL/Diviseur.vhd \
      EN work/Diviseur 1775842698
FL D:/Utilisateurs/lizafade50/Exemples/LCDScreen_With_FINAL/Div_082Hz.vhd 2025/12/16.17:15:10 J.40
EN work/Div_082Hz 1775842680 \
      FL D:/Utilisateurs/lizafade50/Exemples/LCDScreen_With_FINAL/Div_082Hz.vhd \
      PB ieee/std_logic_1164 1192821031 PB ieee/std_logic_arith 1192821032 \
      PB ieee/STD_LOGIC_UNSIGNED 1192821033
AR work/Div_082Hz/Behavioral 1775842681 \
      FL D:/Utilisateurs/lizafade50/Exemples/LCDScreen_With_FINAL/Div_082Hz.vhd \
      EN work/Div_082Hz 1775842680
FL D:/Utilisateurs/lizafade50/Exemples/LCDScreen_With_FINAL/Div_110Hz.vhd 2025/12/16.17:15:06 J.40
EN work/Div_110Hz 1775842682 \
      FL D:/Utilisateurs/lizafade50/Exemples/LCDScreen_With_FINAL/Div_110Hz.vhd \
      PB ieee/std_logic_1164 1192821031 PB ieee/std_logic_arith 1192821032 \
      PB ieee/STD_LOGIC_UNSIGNED 1192821033
AR work/Div_110Hz/Behavioral 1775842683 \
      FL D:/Utilisateurs/lizafade50/Exemples/LCDScreen_With_FINAL/Div_110Hz.vhd \
      EN work/Div_110Hz 1775842682
FL D:/Utilisateurs/lizafade50/Exemples/LCDScreen_With_FINAL/Div_146Hz.vhd 2025/12/16.17:15:00 J.40
EN work/Div_146Hz 1775842684 \
      FL D:/Utilisateurs/lizafade50/Exemples/LCDScreen_With_FINAL/Div_146Hz.vhd \
      PB ieee/std_logic_1164 1192821031 PB ieee/std_logic_arith 1192821032 \
      PB ieee/STD_LOGIC_UNSIGNED 1192821033
AR work/Div_146Hz/Behavioral 1775842685 \
      FL D:/Utilisateurs/lizafade50/Exemples/LCDScreen_With_FINAL/Div_146Hz.vhd \
      EN work/Div_146Hz 1775842684
FL D:/Utilisateurs/lizafade50/Exemples/LCDScreen_With_FINAL/Div_196Hz.vhd 2025/12/16.17:14:56 J.40
EN work/Div_196Hz 1775842686 \
      FL D:/Utilisateurs/lizafade50/Exemples/LCDScreen_With_FINAL/Div_196Hz.vhd \
      PB ieee/std_logic_1164 1192821031 PB ieee/std_logic_arith 1192821032 \
      PB ieee/STD_LOGIC_UNSIGNED 1192821033
AR work/Div_196Hz/Behavioral 1775842687 \
      FL D:/Utilisateurs/lizafade50/Exemples/LCDScreen_With_FINAL/Div_196Hz.vhd \
      EN work/Div_196Hz 1775842686
FL D:/Utilisateurs/lizafade50/Exemples/LCDScreen_With_FINAL/Div_246Hz.vhd 2025/12/16.17:14:50 J.40
EN work/Div_246Hz 1775842688 \
      FL D:/Utilisateurs/lizafade50/Exemples/LCDScreen_With_FINAL/Div_246Hz.vhd \
      PB ieee/std_logic_1164 1192821031 PB ieee/std_logic_arith 1192821032 \
      PB ieee/STD_LOGIC_UNSIGNED 1192821033
AR work/Div_246Hz/Behavioral 1775842689 \
      FL D:/Utilisateurs/lizafade50/Exemples/LCDScreen_With_FINAL/Div_246Hz.vhd \
      EN work/Div_246Hz 1775842688
FL D:/Utilisateurs/lizafade50/Exemples/LCDScreen_With_FINAL/Div_329Hz.vhd 2025/12/16.17:14:44 J.40
EN work/Div_329Hz 1775842690 \
      FL D:/Utilisateurs/lizafade50/Exemples/LCDScreen_With_FINAL/Div_329Hz.vhd \
      PB ieee/std_logic_1164 1192821031 PB ieee/std_logic_arith 1192821032 \
      PB ieee/STD_LOGIC_UNSIGNED 1192821033
AR work/Div_329Hz/Behavioral 1775842691 \
      FL D:/Utilisateurs/lizafade50/Exemples/LCDScreen_With_FINAL/Div_329Hz.vhd \
      EN work/Div_329Hz 1775842690
FL D:/Utilisateurs/lizafade50/Exemples/LCDScreen_With_FINAL/EndProduct.vhd 2026/04/10.17:46:04 J.40
FL D:/Utilisateurs/lizafade50/Exemples/LCDScreen_With_FINAL/EndProduct.vhf 2026/04/10.17:46:04 J.40
EN work/EndProduct 1775842706 \
      FL D:/Utilisateurs/lizafade50/Exemples/LCDScreen_With_FINAL/EndProduct.vhf \
      PB ieee/std_logic_1164 1192821031 PH ieee/NUMERIC_STD 1192821033 LB UNISIM \
      PH unisim/VCOMPONENTS 1194566982
AR work/EndProduct/BEHAVIORAL 1775842707 \
      FL D:/Utilisateurs/lizafade50/Exemples/LCDScreen_With_FINAL/EndProduct.vhf \
      EN work/EndProduct 1775842706 CP ChoixNote CP Sequenceur CP Div_082Hz \
      CP Div_110Hz CP Div_146Hz CP Div_196Hz CP Div_246Hz CP Div_329Hz \
      CP CompteurReversible CP Bus_Signe_AVEC_Pourcent CP RegistreParallele \
      CP Diviseur CP Data_Sequenceur CP Data_Converter CP Sending_data
FL D:/Utilisateurs/lizafade50/Exemples/LCDScreen_With_FINAL/RegistreParallele.vhd 2025/12/16.17:49:04 J.40
EN work/RegistreParallele 1775842696 \
      FL D:/Utilisateurs/lizafade50/Exemples/LCDScreen_With_FINAL/RegistreParallele.vhd \
      PB ieee/std_logic_1164 1192821031 PB ieee/std_logic_arith 1192821032 \
      PB ieee/STD_LOGIC_UNSIGNED 1192821033
AR work/RegistreParallele/Behavioral 1775842697 \
      FL D:/Utilisateurs/lizafade50/Exemples/LCDScreen_With_FINAL/RegistreParallele.vhd \
      EN work/RegistreParallele 1775842696
FL D:/Utilisateurs/lizafade50/Exemples/LCDScreen_With_FINAL/Sending_data.vhd 2026/04/09.19:40:06 J.40
FL D:/Utilisateurs/lizafade50/Exemples/LCDScreen_With_FINAL/Sending_data_corr.vhd 2026/04/10.19:37:54 J.40
EN work/Sending_data 1775842704 \
      FL D:/Utilisateurs/lizafade50/Exemples/LCDScreen_With_FINAL/Sending_data_corr.vhd \
      PB ieee/std_logic_1164 1192821031 PH ieee/NUMERIC_STD 1192821033
AR work/Sending_data/rtl 1775842705 \
      FL D:/Utilisateurs/lizafade50/Exemples/LCDScreen_With_FINAL/Sending_data_corr.vhd \
      EN work/Sending_data 1775842704
FL D:/Utilisateurs/lizafade50/Exemples/LCDScreen_With_FINAL/Sequenceur.vhd 2025/12/16.16:02:42 J.40
EN work/Sequenceur 1775842678 \
      FL D:/Utilisateurs/lizafade50/Exemples/LCDScreen_With_FINAL/Sequenceur.vhd \
      PB ieee/std_logic_1164 1192821031 PB ieee/std_logic_arith 1192821032 \
      PB ieee/STD_LOGIC_UNSIGNED 1192821033
AR work/Sequenceur/Behavioral 1775842679 \
      FL D:/Utilisateurs/lizafade50/Exemples/LCDScreen_With_FINAL/Sequenceur.vhd \
      EN work/Sequenceur 1775842678
FL U:/Téléchargements/Sending_data_corr/Sending_data_corr.vhd 2026/04/10.11:54:16 J.40
